Component: ARM Compiler 5.06 update 7 (build 960) Tool: armlink [4d3601]

==============================================================================

Section Cross References

    startup_stm32f103xb.o(STACK) refers (Special) to heapauxi.o(.text) for __use_two_region_memory
    startup_stm32f103xb.o(HEAP) refers (Special) to heapauxi.o(.text) for __use_two_region_memory
    startup_stm32f103xb.o(RESET) refers (Special) to heapauxi.o(.text) for __use_two_region_memory
    startup_stm32f103xb.o(RESET) refers to startup_stm32f103xb.o(STACK) for __initial_sp
    startup_stm32f103xb.o(RESET) refers to startup_stm32f103xb.o(.text) for Reset_Handler
    startup_stm32f103xb.o(RESET) refers to stm32f1xx_it.o(i.NMI_Handler) for NMI_Handler
    startup_stm32f103xb.o(RESET) refers to stm32f1xx_it.o(i.HardFault_Handler) for HardFault_Handler
    startup_stm32f103xb.o(RESET) refers to stm32f1xx_it.o(i.MemManage_Handler) for MemManage_Handler
    startup_stm32f103xb.o(RESET) refers to stm32f1xx_it.o(i.BusFault_Handler) for BusFault_Handler
    startup_stm32f103xb.o(RESET) refers to stm32f1xx_it.o(i.UsageFault_Handler) for UsageFault_Handler
    startup_stm32f103xb.o(RESET) refers to stm32f1xx_it.o(i.SVC_Handler) for SVC_Handler
    startup_stm32f103xb.o(RESET) refers to stm32f1xx_it.o(i.DebugMon_Handler) for DebugMon_Handler
    startup_stm32f103xb.o(RESET) refers to stm32f1xx_it.o(i.PendSV_Handler) for PendSV_Handler
    startup_stm32f103xb.o(RESET) refers to stm32f1xx_it.o(i.SysTick_Handler) for SysTick_Handler
    startup_stm32f103xb.o(RESET) refers to stm32f1xx_it.o(i.ADC1_2_IRQHandler) for ADC1_2_IRQHandler
    startup_stm32f103xb.o(RESET) refers to stm32f1xx_it.o(i.USART2_IRQHandler) for USART2_IRQHandler
    startup_stm32f103xb.o(.text) refers (Special) to heapauxi.o(.text) for __use_two_region_memory
    startup_stm32f103xb.o(.text) refers to system_stm32f1xx.o(i.SystemInit) for SystemInit
    startup_stm32f103xb.o(.text) refers to __main.o(!!!main) for __main
    startup_stm32f103xb.o(.text) refers to startup_stm32f103xb.o(HEAP) for Heap_Mem
    startup_stm32f103xb.o(.text) refers to startup_stm32f103xb.o(STACK) for Stack_Mem
    oled.o(i.I2C_Start) refers to stm32f1xx_hal_gpio.o(i.HAL_GPIO_WritePin) for HAL_GPIO_WritePin
    oled.o(i.I2C_Start) refers to oled.o(i.IIC_delay) for IIC_delay
    oled.o(i.I2C_Stop) refers to stm32f1xx_hal_gpio.o(i.HAL_GPIO_WritePin) for HAL_GPIO_WritePin
    oled.o(i.I2C_Stop) refers to oled.o(i.IIC_delay) for IIC_delay
    oled.o(i.I2C_WaitAck) refers to stm32f1xx_hal_gpio.o(i.HAL_GPIO_WritePin) for HAL_GPIO_WritePin
    oled.o(i.I2C_WaitAck) refers to oled.o(i.IIC_delay) for IIC_delay
    oled.o(i.OLED_Clear) refers to oled.o(i.OLED_Refresh) for OLED_Refresh
    oled.o(i.OLED_Clear) refers to oled.o(.bss) for .bss
    oled.o(i.OLED_ColorTurn) refers to oled.o(i.OLED_WR_Byte) for OLED_WR_Byte
    oled.o(i.OLED_DisPlay_Off) refers to oled.o(i.OLED_WR_Byte) for OLED_WR_Byte
    oled.o(i.OLED_DisPlay_On) refers to oled.o(i.OLED_WR_Byte) for OLED_WR_Byte
    oled.o(i.OLED_DisplayTurn) refers to oled.o(i.OLED_WR_Byte) for OLED_WR_Byte
    oled.o(i.OLED_DrawCircle) refers to oled.o(i.OLED_DrawPoint) for OLED_DrawPoint
    oled.o(i.OLED_DrawLine) refers to oled.o(i.OLED_DrawPoint) for OLED_DrawPoint
    oled.o(i.OLED_DrawPoint) refers to oled.o(.bss) for .bss
    oled.o(i.OLED_Init) refers to oled.o(i.OLED_WR_Byte) for OLED_WR_Byte
    oled.o(i.OLED_Init) refers to oled.o(i.OLED_Clear) for OLED_Clear
    oled.o(i.OLED_Refresh) refers to oled.o(i.OLED_WR_Byte) for OLED_WR_Byte
    oled.o(i.OLED_Refresh) refers to oled.o(i.I2C_Start) for I2C_Start
    oled.o(i.OLED_Refresh) refers to oled.o(i.Send_Byte) for Send_Byte
    oled.o(i.OLED_Refresh) refers to oled.o(i.I2C_WaitAck) for I2C_WaitAck
    oled.o(i.OLED_Refresh) refers to oled.o(i.I2C_Stop) for I2C_Stop
    oled.o(i.OLED_Refresh) refers to oled.o(.bss) for .bss
    oled.o(i.OLED_ScrollDisplay) refers to oled.o(i.OLED_ShowChinese) for OLED_ShowChinese
    oled.o(i.OLED_ScrollDisplay) refers to oled.o(i.OLED_Refresh) for OLED_Refresh
    oled.o(i.OLED_ScrollDisplay) refers to stm32f1xx_hal.o(i.HAL_Delay) for HAL_Delay
    oled.o(i.OLED_ScrollDisplay) refers to oled.o(.bss) for .bss
    oled.o(i.OLED_ShowChar) refers to oled.o(i.OLED_DrawPoint) for OLED_DrawPoint
    oled.o(i.OLED_ShowChar) refers to oled.o(.constdata) for .constdata
    oled.o(i.OLED_ShowChinese) refers to oled.o(i.OLED_DrawPoint) for OLED_DrawPoint
    oled.o(i.OLED_ShowChinese) refers to oled.o(.constdata) for .constdata
    oled.o(i.OLED_ShowNum) refers to oled.o(i.OLED_Pow) for OLED_Pow
    oled.o(i.OLED_ShowNum) refers to oled.o(i.OLED_ShowChar) for OLED_ShowChar
    oled.o(i.OLED_ShowPicture) refers to oled.o(i.OLED_DrawPoint) for OLED_DrawPoint
    oled.o(i.OLED_ShowString) refers to oled.o(i.OLED_ShowChar) for OLED_ShowChar
    oled.o(i.OLED_WR_Byte) refers to oled.o(i.I2C_Start) for I2C_Start
[...]
    Removing stm32f1xx_hal_uart.o(i.HAL_UART_DMAStop), (112 bytes).
    Removing stm32f1xx_hal_uart.o(i.HAL_UART_DeInit), (54 bytes).
    Removing stm32f1xx_hal_uart.o(i.HAL_UART_GetError), (4 bytes).
    Removing stm32f1xx_hal_uart.o(i.HAL_UART_GetState), (10 bytes).
    Removing stm32f1xx_hal_uart.o(i.HAL_UART_MspDeInit), (2 bytes).
    Removing stm32f1xx_hal_uart.o(i.HAL_UART_MspInit), (2 bytes).
    Removing stm32f1xx_hal_uart.o(i.HAL_UART_Receive), (172 bytes).
    Removing stm32f1xx_hal_uart.o(i.HAL_UART_Receive_DMA), (28 bytes).
    Removing stm32f1xx_hal_uart.o(i.HAL_UART_RxCpltCallback), (2 bytes).
    Removing stm32f1xx_hal_uart.o(i.HAL_UART_RxHalfCpltCallback), (2 bytes).
    Removing stm32f1xx_hal_uart.o(i.HAL_UART_Transmit), (154 bytes).
    Removing stm32f1xx_hal_uart.o(i.HAL_UART_Transmit_DMA), (120 bytes).
    Removing stm32f1xx_hal_uart.o(i.HAL_UART_Transmit_IT), (50 bytes).
    Removing stm32f1xx_hal_uart.o(i.HAL_UART_TxHalfCpltCallback), (2 bytes).
    Removing stm32f1xx_hal_uart.o(i.UART_DMAError), (74 bytes).
    Removing stm32f1xx_hal_uart.o(i.UART_DMAReceiveCplt), (134 bytes).
    Removing stm32f1xx_hal_uart.o(i.UART_DMARxAbortCallback), (44 bytes).
    Removing stm32f1xx_hal_uart.o(i.UART_DMARxHalfCplt), (30 bytes).
    Removing stm32f1xx_hal_uart.o(i.UART_DMARxOnlyAbortCallback), (22 bytes).
    Removing stm32f1xx_hal_uart.o(i.UART_DMATransmitCplt), (66 bytes).
    Removing stm32f1xx_hal_uart.o(i.UART_DMATxAbortCallback), (44 bytes).
    Removing stm32f1xx_hal_uart.o(i.UART_DMATxHalfCplt), (10 bytes).
    Removing stm32f1xx_hal_uart.o(i.UART_DMATxOnlyAbortCallback), (20 bytes).
    Removing stm32f1xx_hal_uart.o(i.UART_EndTxTransfer), (28 bytes).
    Removing stm32f1xx_hal_uart.o(i.UART_Start_Receive_DMA), (144 bytes).
    Removing stm32f1xx_hal_uart.o(i.UART_WaitOnFlagUntilTimeout), (120 bytes).
    Removing system_stm32f1xx.o(.rev16_text), (4 bytes).
    Removing system_stm32f1xx.o(.revsh_text), (4 bytes).
    Removing system_stm32f1xx.o(.rrx_text), (6 bytes).
    Removing system_stm32f1xx.o(i.SystemCoreClockUpdate), (104 bytes).

292 unused section(s) (total 18726 bytes) removed from the image.

==============================================================================

Image Symbol Table

    Local Symbols

    Symbol Name                              Value     Ov Type        Size  Object(Section)

    ../Core/Src/adc.c                        0x00000000   Number         0  adc.o ABSOLUTE
    ../Core/Src/gpio.c                       0x00000000   Number         0  gpio.o ABSOLUTE
    ../Core/Src/main.c                       0x00000000   Number         0  main.o ABSOLUTE
    ../Core/Src/stm32f1xx_hal_msp.c          0x00000000   Number         0  stm32f1xx_hal_msp.o ABSOLUTE
    ../Core/Src/stm32f1xx_it.c               0x00000000   Number         0  stm32f1xx_it.o ABSOLUTE
    ../Core/Src/system_stm32f1xx.c           0x00000000   Number         0  system_stm32f1xx.o ABSOLUTE
    ../Core/Src/usart.c                      0x00000000   Number         0  usart.o ABSOLUTE
    ../Drivers/STM32F1xx_HAL_Driver/Src/stm32f1xx_hal.c 0x00000000   Number         0  stm32f1xx_hal.o ABSOLUTE
    ../Drivers/STM32F1xx_HAL_Driver/Src/stm32f1xx_hal_adc.c 0x00000000   Number         0  stm32f1xx_hal_adc.o ABSOLUTE
    ../Drivers/STM32F1xx_HAL_Driver/Src/stm32f1xx_hal_adc_ex.c 0x00000000   Number         0  stm32f1xx_hal_adc_ex.o ABSOLUTE
    ../Drivers/STM32F1xx_HAL_Driver/Src/stm32f1xx_hal_cortex.c 0x00000000   Number         0  stm32f1xx_hal_cortex.o ABSOLUTE
    ../Drivers/STM32F1xx_HAL_Driver/Src/stm32f1xx_hal_dma.c 0x00000000   Number         0  stm32f1xx_hal_dma.o ABSOLUTE
    ../Drivers/STM32F1xx_HAL_Driver/Src/stm32f1xx_hal_exti.c 0x00000000   Number         0  stm32f1xx_hal_exti.o ABSOLUTE
    ../Drivers/STM32F1xx_HAL_Driver/Src/stm32f1xx_hal_flash.c 0x00000000   Number         0  stm32f1xx_hal_flash.o ABSOLUTE
    ../Drivers/STM32F1xx_HAL_Driver/Src/stm32f1xx_hal_flash_ex.c 0x00000000   Number         0  stm32f1xx_hal_flash_ex.o ABSOLUTE
    ../Drivers/STM32F1xx_HAL_Driver/Src/stm32f1xx_hal_gpio.c 0x00000000   Number         0  stm32f1xx_hal_gpio.o ABSOLUTE
    ../Drivers/STM32F1xx_HAL_Driver/Src/stm32f1xx_hal_gpio_ex.c 0x00000000   Number         0  stm32f1xx_hal_gpio_ex.o ABSOLUTE
    ../Drivers/STM32F1xx_HAL_Driver/Src/stm32f1xx_hal_pwr.c 0x00000000   Number         0  stm32f1xx_hal_pwr.o ABSOLUTE
    ../Drivers/STM32F1xx_HAL_Driver/Src/stm32f1xx_hal_rcc.c 0x00000000   Number         0  stm32f1xx_hal_rcc.o ABSOLUTE
    ../Drivers/STM32F1xx_HAL_Driver/Src/stm32f1xx_hal_rcc_ex.c 0x00000000   Number         0  stm32f1xx_hal_rcc_ex.o ABSOLUTE
    ../Drivers/STM32F1xx_HAL_Driver/Src/stm32f1xx_hal_tim.c 0x00000000   Number         0  stm32f1xx_hal_tim.o ABSOLUTE
    ../Drivers/STM32F1xx_HAL_Driver/Src/stm32f1xx_hal_tim_ex.c 0x00000000   Number         0  stm32f1xx_hal_tim_ex.o ABSOLUTE
    ../Drivers/STM32F1xx_HAL_Driver/Src/stm32f1xx_hal_uart.c 0x00000000   Number         0  stm32f1xx_hal_uart.o ABSOLUTE
    ../clib/angel/boardlib.s                 0x00000000   Number         0  boardinit3.o ABSOLUTE
    ../clib/angel/boardlib.s                 0x00000000   Number         0  boardinit2.o ABSOLUTE
    ../clib/angel/boardlib.s                 0x00000000   Number         0  boardinit1.o ABSOLUTE
    ../clib/angel/boardlib.s                 0x00000000   Number         0  boardshut.o ABSOLUTE
    ../clib/angel/handlers.s                 0x00000000   Number         0  __scatter_zi.o ABSOLUTE
    ../clib/angel/handlers.s                 0x00000000   Number         0  __scatter_copy.o ABSOLUTE
    ../clib/angel/kernel.s                   0x00000000   Number         0  rtexit2.o ABSOLUTE
    ../clib/angel/kernel.s                   0x00000000   Number         0  __rtentry4.o ABSOLUTE
    ../clib/angel/kernel.s                   0x00000000   Number         0  __rtentry2.o ABSOLUTE
    ../clib/angel/kernel.s                   0x00000000   Number         0  rtexit.o ABSOLUTE
    ../clib/angel/kernel.s                   0x00000000   Number         0  __rtentry.o ABSOLUTE
    ../clib/angel/rt.s                       0x00000000   Number         0  rt_raise.o ABSOLUTE
    ../clib/angel/scatter.s                  0x00000000   Number         0  __scatter.o ABSOLUTE
    ../clib/angel/startup.s                  0x00000000   Number         0  __main.o ABSOLUTE
    ../clib/angel/sys.s                      0x00000000   Number         0  indicate_semi.o ABSOLUTE
    ../clib/angel/sys.s                      0x00000000   Number         0  sys_stackheap_outer.o ABSOLUTE
    ../clib/angel/sys.s                      0x00000000   Number         0  use_no_semi.o ABSOLUTE
    ../clib/angel/sys.s                      0x00000000   Number         0  libspace.o ABSOLUTE
    ../clib/angel/sysapp.c                   0x00000000   Number         0  sys_command.o ABSOLUTE
    ../clib/angel/sysapp.c                   0x00000000   Number         0  sys_exit.o ABSOLUTE
    ../clib/angel/sysapp.c                   0x00000000   Number         0  sys_wrch.o ABSOLUTE
    ../clib/armsys.c                         0x00000000   Number         0  argv_veneer.o ABSOLUTE
    ../clib/armsys.c                         0x00000000   Number         0  no_argv.o ABSOLUTE
    ../clib/armsys.c                         0x00000000   Number         0  argv_veneer.o ABSOLUTE
    ../clib/armsys.c                         0x00000000   Number         0  _get_argv_nomalloc.o ABSOLUTE
    ../clib/heapalloc.c                      0x00000000   Number         0  hrguard.o ABSOLUTE
    ../clib/heapaux.c                        0x00000000   Number         0  heapauxi.o ABSOLUTE
    ../clib/libinit.s                        0x00000000   Number         0  libshutdown2.o ABSOLUTE
    ../clib/libinit.s                        0x00000000   Number         0  libinit2.o ABSOLUTE
    ../clib/libinit.s                        0x00000000   Number         0  libshutdown.o ABSOLUTE
    ../clib/libinit.s                        0x00000000   Number         0  libinit.o ABSOLUTE
    ../clib/longlong.s                       0x00000000   Number         0  llushr.o ABSOLUTE
    ../clib/memcpset.s                       0x00000000   Number         0  rt_memclr_w.o ABSOLUTE
    ../clib/signal.c                         0x00000000   Number         0  defsig_exit.o ABSOLUTE
    ../clib/signal.c                         0x00000000   Number         0  defsig_rtmem_formal.o ABSOLUTE
    ../clib/signal.c                         0x00000000   Number         0  defsig_fpe_inner.o ABSOLUTE
    ../clib/signal.c                         0x00000000   Number         0  defsig_rtmem_outer.o ABSOLUTE
    ../clib/signal.c                         0x00000000   Number         0  defsig_rtred_inner.o ABSOLUTE
    ../clib/signal.c                         0x00000000   Number         0  defsig_pvfn_inner.o ABSOLUTE
    ../clib/signal.c                         0x00000000   Number         0  defsig_cppl_inner.o ABSOLUTE
    ../clib/signal.c                         0x00000000   Number         0  defsig_segv_inner.o ABSOLUTE
    ../clib/signal.c                         0x00000000   Number         0  defsig_other.o ABSOLUTE
    ../clib/signal.c                         0x00000000   Number         0  defsig_stak_inner.o ABSOLUTE
    ../clib/signal.c                         0x00000000   Number         0  __raise.o ABSOLUTE
    ../clib/signal.c                         0x00000000   Number         0  defsig_general.o ABSOLUTE
    ../clib/signal.c                         0x00000000   Number         0  defsig_rtmem_inner.o ABSOLUTE
    ../clib/signal.c                         0x00000000   Number         0  defsig_abrt_inner.o ABSOLUTE
    ../clib/signal.s                         0x00000000   Number         0  defsig.o ABSOLUTE
    ../clib/stdlib.c                         0x00000000   Number         0  exit.o ABSOLUTE
    ../fplib/d2f.s                           0x00000000   Number         0  d2f.o ABSOLUTE
    ../fplib/daddsub.s                       0x00000000   Number         0  daddsub_clz.o ABSOLUTE
    ../fplib/ddiv.s                          0x00000000   Number         0  ddiv.o ABSOLUTE
    ../fplib/dfix.s                          0x00000000   Number         0  dfix.o ABSOLUTE
    ../fplib/dfixu.s                         0x00000000   Number         0  dfixu.o ABSOLUTE
    ../fplib/dflt.s                          0x00000000   Number         0  dflt_clz.o ABSOLUTE
    ../fplib/dmul.s                          0x00000000   Number         0  dmul.o ABSOLUTE
    ../fplib/dnaninf.s                       0x00000000   Number         0  dnaninf.o ABSOLUTE
    ../fplib/dretinf.s                       0x00000000   Number         0  dretinf.o ABSOLUTE
    ../fplib/ffix.s                          0x00000000   Number         0  ffix.o ABSOLUTE
    ../fplib/fnaninf.s                       0x00000000   Number         0  fnaninf.o ABSOLUTE
    ../fplib/fpinit.s                        0x00000000   Number         0  fpinit.o ABSOLUTE
    ../fplib/fretinf.s                       0x00000000   Number         0  fretinf.o ABSOLUTE
    ../fplib/usenofp.s                       0x00000000   Number         0  usenofp.o ABSOLUTE
    ..\Core\Src\adc.c                        0x00000000   Number         0  adc.o ABSOLUTE
    ..\Core\Src\gpio.c                       0x00000000   Number         0  gpio.o ABSOLUTE
    ..\Core\Src\main.c                       0x00000000   Number         0  main.o ABSOLUTE
    ..\Core\Src\stm32f1xx_hal_msp.c          0x00000000   Number         0  stm32f1xx_hal_msp.o ABSOLUTE
    ..\Core\Src\stm32f1xx_it.c               0x00000000   Number         0  stm32f1xx_it.o ABSOLUTE
    ..\Core\Src\system_stm32f1xx.c           0x00000000   Number         0  system_stm32f1xx.o ABSOLUTE
    ..\Core\Src\usart.c                      0x00000000   Number         0  usart.o ABSOLUTE
    ..\Drivers\STM32F1xx_HAL_Driver\Src\stm32f1xx_hal.c 0x00000000   Number         0  stm32f1xx_hal.o ABSOLUTE
    ..\Drivers\STM32F1xx_HAL_Driver\Src\stm32f1xx_hal_adc.c 0x00000000   Number         0  stm32f1xx_hal_adc.o ABSOLUTE
    ..\Drivers\STM32F1xx_HAL_Driver\Src\stm32f1xx_hal_adc_ex.c 0x00000000   Number         0  stm32f1xx_hal_adc_ex.o ABSOLUTE
    ..\Drivers\STM32F1xx_HAL_Driver\Src\stm32f1xx_hal_cortex.c 0x00000000   Number         0  stm32f1xx_hal_cortex.o ABSOLUTE
    ..\Drivers\STM32F1xx_HAL_Driver\Src\stm32f1xx_hal_dma.c 0x00000000   Number         0  stm32f1xx_hal_dma.o ABSOLUTE
    ..\Drivers\STM32F1xx_HAL_Driver\Src\stm32f1xx_hal_exti.c 0x00000000   Number         0  stm32f1xx_hal_exti.o ABSOLUTE
    ..\Drivers\STM32F1xx_HAL_Driver\Src\stm32f1xx_hal_flash.c 0x00000000   Number         0  stm32f1xx_hal_flash.o ABSOLUTE
    ..\Drivers\STM32F1xx_HAL_Driver\Src\stm32f1xx_hal_flash_ex.c 0x00000000   Number         0  stm32f1xx_hal_flash_ex.o ABSOLUTE
    ..\Drivers\STM32F1xx_HAL_Driver\Src\stm32f1xx_hal_gpio.c 0x00000000   Number         0  stm32f1xx_hal_gpio.o ABSOLUTE
    ..\Drivers\STM32F1xx_HAL_Driver\Src\stm32f1xx_hal_gpio_ex.c 0x00000000   Number         0  stm32f1xx_hal_gpio_ex.o ABSOLUTE
    ..\Drivers\STM32F1xx_HAL_Driver\Src\stm32f1xx_hal_pwr.c 0x00000000   Number         0  stm32f1xx_hal_pwr.o ABSOLUTE
    ..\Drivers\STM32F1xx_HAL_Driver\Src\stm32f1xx_hal_rcc.c 0x00000000   Number         0  stm32f1xx_hal_rcc.o ABSOLUTE
    ..\Drivers\STM32F1xx_HAL_Driver\Src\stm32f1xx_hal_rcc_ex.c 0x00000000   Number         0  stm32f1xx_hal_rcc_ex.o ABSOLUTE
    ..\Drivers\STM32F1xx_HAL_Driver\Src\stm32f1xx_hal_tim.c 0x00000000   Number         0  stm32f1xx_hal_tim.o ABSOLUTE
    ..\Drivers\STM32F1xx_HAL_Driver\Src\stm32f1xx_hal_tim_ex.c 0x00000000   Number         0  stm32f1xx_hal_tim_ex.o ABSOLUTE
    ..\Drivers\STM32F1xx_HAL_Driver\Src\stm32f1xx_hal_uart.c 0x00000000   Number         0  stm32f1xx_hal_uart.o ABSOLUTE
    ..\User\Stepper.c                        0x00000000   Number         0  stepper.o ABSOLUTE
    ..\User\control.c                        0x00000000   Number         0  control.o ABSOLUTE
    ..\User\menu.c                           0x00000000   Number         0  menu.o ABSOLUTE
    ..\User\oled.c                           0x00000000   Number         0  oled.o ABSOLUTE
    ..\\User\\Stepper.c                      0x00000000   Number         0  stepper.o ABSOLUTE
    ..\\User\\control.c                      0x00000000   Number         0  control.o ABSOLUTE
    ..\\User\\menu.c                         0x00000000   Number         0  menu.o ABSOLUTE
    ..\\User\\oled.c                         0x00000000   Number         0  oled.o ABSOLUTE
    dc.s                                     0x00000000   Number         0  dc.o ABSOLUTE
    startup_stm32f103xb.s                    0x00000000   Number         0  startup_stm32f103xb.o ABSOLUTE
    RESET                                    0x08000000   Section      236  startup_stm32f103xb.o(RESET)
    !!!main                                  0x080000ec   Section        8  __main.o(!!!main)
    !!!scatter                               0x080000f4   Section       52  __scatter.o(!!!scatter)
    !!handler_copy                           0x08000128   Section       26  __scatter_copy.o(!!handler_copy)
    !!handler_zi                             0x08000144   Section       28  __scatter_zi.o(!!handler_zi)
    .ARM.Collect$$libinit$$00000000          0x08000160   Section        2  libinit.o(.ARM.Collect$$libinit$$00000000)
    .ARM.Collect$$libinit$$00000002          0x08000162   Section        0  libinit2.o(.ARM.Collect$$libinit$$00000002)
    .ARM.Collect$$libinit$$00000004          0x08000162   Section        0  libinit2.o(.ARM.Collect$$libinit$$00000004)
    .ARM.Collect$$libinit$$0000000A          0x08000162   Section        0  libinit2.o(.ARM.Collect$$libinit$$0000000A)
    .ARM.Collect$$libinit$$0000000C          0x08000162   Section        0  libinit2.o(.ARM.Collect$$libinit$$0000000C)
    .ARM.Collect$$libinit$$0000000E          0x08000162   Section        0  libinit2.o(.ARM.Collect$$libinit$$0000000E)
    .ARM.Collect$$libinit$$00000011          0x08000162   Section        0  libinit2.o(.ARM.Collect$$libinit$$00000011)
    .ARM.Collect$$libinit$$00000013          0x08000162   Section        0  libinit2.o(.ARM.Collect$$libinit$$00000013)
    .ARM.Collect$$libinit$$00000015          0x08000162   Section        0  libinit2.o(.ARM.Collect$$libinit$$00000015)
    .ARM.Collect$$libinit$$00000017          0x08000162   Section        0  libinit2.o(.ARM.Collect$$libinit$$00000017)
    .ARM.Collect$$libinit$$00000019          0x08000162   Section        0  libinit2.o(.ARM.Collect$$libinit$$00000019)
    .ARM.Collect$$libinit$$0000001B          0x08000162   Section        0  libinit2.o(.ARM.Collect$$libinit$$0000001B)
    .ARM.Collect$$libinit$$0000001D          0x08000162   Section        0  libinit2.o(.ARM.Collect$$libinit$$0000001D)
    .ARM.Collect$$libinit$$0000001F          0x08000162   Section        0  libinit2.o(.ARM.Collect$$libinit$$0000001F)
    .ARM.Collect$$libinit$$00000021          0x08000162   Section        0  libinit2.o(.ARM.Collect$$libinit$$00000021)
    .ARM.Collect$$libinit$$00000023          0x08000162   Section        0  libinit2.o(.ARM.Collect$$libinit$$00000023)
    .ARM.Collect$$libinit$$00000025          0x08000162   Section        0  libinit2.o(.ARM.Collect$$libinit$$00000025)
    .ARM.Collect$$libinit$$0000002C          0x08000162   Section        0  libinit2.o(.ARM.Collect$$libinit$$0000002C)
    .ARM.Collect$$libinit$$0000002E          0x08000162   Section        0  libinit2.o(.ARM.Collect$$libinit$$0000002E)
    .ARM.Collect$$libinit$$00000030          0x08000162   Section        0  libinit2.o(.ARM.Collect$$libinit$$00000030)
    .ARM.Collect$$libinit$$00000032          0x08000162   Section        0  libinit2.o(.ARM.Collect$$libinit$$00000032)
    .ARM.Collect$$libinit$$00000033          0x08000162   Section        2  libinit2.o(.ARM.Collect$$libinit$$00000033)
    .ARM.Collect$$libshutdown$$00000000      0x08000164   Section        2  libshutdown.o(.ARM.Collect$$libshutdown$$00000000)
    .ARM.Collect$$libshutdown$$00000002      0x08000166   Section        0  libshutdown2.o(.ARM.Collect$$libshutdown$$00000002)
    .ARM.Collect$$libshutdown$$00000004      0x08000166   Section        0  libshutdown2.o(.ARM.Collect$$libshutdown$$00000004)
    .ARM.Collect$$libshutdown$$00000006      0x08000166   Section        0  libshutdown2.o(.ARM.Collect$$libshutdown$$00000006)
    .ARM.Collect$$libshutdown$$00000009      0x08000166   Section        0  libshutdown2.o(.ARM.Collect$$libshutdown$$00000009)
    .ARM.Collect$$libshutdown$$0000000C      0x08000166   Section        0  libshutdown2.o(.ARM.Collect$$libshutdown$$0000000C)
    .ARM.Collect$$libshutdown$$0000000E      0x08000166   Section        0  libshutdown2.o(.ARM.Collect$$libshutdown$$0000000E)
    .ARM.Collect$$libshutdown$$00000011      0x08000166   Section        0  libshutdown2.o(.ARM.Collect$$libshutdown$$00000011)
    .ARM.Collect$$libshutdown$$00000012      0x08000166   Section        2  libshutdown2.o(.ARM.Collect$$libshutdown$$00000012)
    .ARM.Collect$$rtentry$$00000000          0x08000168   Section        0  __rtentry.o(.ARM.Collect$$rtentry$$00000000)
    .ARM.Collect$$rtentry$$00000002          0x08000168   Section        0  __rtentry2.o(.ARM.Collect$$rtentry$$00000002)
    .ARM.Collect$$rtentry$$00000004          0x08000168   Section        6  __rtentry4.o(.ARM.Collect$$rtentry$$00000004)
    .ARM.Collect$$rtentry$$00000009          0x0800016e   Section        0  __rtentry2.o(.ARM.Collect$$rtentry$$00000009)
    .ARM.Collect$$rtentry$$0000000A          0x0800016e   Section        4  __rtentry2.o(.ARM.Collect$$rtentry$$0000000A)
    .ARM.Collect$$rtentry$$0000000C          0x08000172   Section        0  __rtentry2.o(.ARM.Collect$$rtentry$$0000000C)
    .ARM.Collect$$rtentry$$0000000D          0x08000172   Section        8  __rtentry2.o(.ARM.Collect$$rtentry$$0000000D)
    .ARM.Collect$$rtexit$$00000000           0x0800017a   Section        2  rtexit.o(.ARM.Collect$$rtexit$$00000000)
    .ARM.Collect$$rtexit$$00000002           0x0800017c   Section        0  rtexit2.o(.ARM.Collect$$rtexit$$00000002)
    .ARM.Collect$$rtexit$$00000003           0x0800017c   Section        4  rtexit2.o(.ARM.Collect$$rtexit$$00000003)
    .ARM.Collect$$rtexit$$00000004           0x08000180   Section        6  rtexit2.o(.ARM.Collect$$rtexit$$00000004)
    .text                                    0x08000188   Section       64  startup_stm32f103xb.o(.text)
    .text                                    0x080001c8   Section       78  rt_memclr_w.o(.text)
    .text                                    0x08000216   Section        0  heapauxi.o(.text)
    .text                                    0x0800021c   Section       74  sys_stackheap_outer.o(.text)
    .text                                    0x08000266   Section        0  exit.o(.text)
    .text                                    0x08000278   Section        8  libspace.o(.text)
    .text                                    0x08000280   Section        0  sys_exit.o(.text)
    .text                                    0x0800028c   Section        2  use_no_semi.o(.text)
    .text                                    0x0800028e   Section        0  indicate_semi.o(.text)
    i.ADC1_2_IRQHandler                      0x08000290   Section        0  stm32f1xx_it.o(i.ADC1_2_IRQHandler)
    i.ADC_ConversionStop_Disable             0x0800029c   Section        0  stm32f1xx_hal_adc.o(i.ADC_ConversionStop_Disable)
    i.ADC_Enable                             0x080002f4   Section        0  stm32f1xx_hal_adc.o(i.ADC_Enable)
    i.BusFault_Handler                       0x08000370   Section        0  stm32f1xx_it.o(i.BusFault_Handler)
    i.DebugMon_Handler                       0x08000372   Section        0  stm32f1xx_it.o(i.DebugMon_Handler)
    i.Error_Handler                          0x08000374   Section        0  main.o(i.Error_Handler)
    i.HAL_ADCEx_Calibration_Start            0x08000378   Section        0  stm32f1xx_hal_adc_ex.o(i.HAL_ADCEx_Calibration_Start)
    i.HAL_ADCEx_InjectedConvCpltCallback     0x08000450   Section        0  stm32f1xx_hal_adc_ex.o(i.HAL_ADCEx_InjectedConvCpltCallback)
    i.HAL_ADC_ConfigChannel                  0x08000454   Section        0  stm32f1xx_hal_adc.o(i.HAL_ADC_ConfigChannel)
    i.HAL_ADC_ConvCpltCallback               0x08000550   Section        0  stm32f1xx_hal_adc.o(i.HAL_ADC_ConvCpltCallback)
    i.HAL_ADC_GetState                       0x08000552   Section        0  stm32f1xx_hal_adc.o(i.HAL_ADC_GetState)
    i.HAL_ADC_GetValue                       0x08000556   Section        0  stm32f1xx_hal_adc.o(i.HAL_ADC_GetValue)
    i.HAL_ADC_IRQHandler                     0x0800055c   Section        0  stm32f1xx_hal_adc.o(i.HAL_ADC_IRQHandler)
    i.HAL_ADC_Init                           0x08000638   Section        0  stm32f1xx_hal_adc.o(i.HAL_ADC_Init)
    i.HAL_ADC_LevelOutOfWindowCallback       0x08000754   Section        0  stm32f1xx_hal_adc.o(i.HAL_ADC_LevelOutOfWindowCallback)
    i.HAL_ADC_MspInit                        0x08000758   Section        0  adc.o(i.HAL_ADC_MspInit)
    i.HAL_ADC_PollForConversion              0x080007c0   Section        0  stm32f1xx_hal_adc.o(i.HAL_ADC_PollForConversion)
    i.HAL_ADC_Start                          0x080008fc   Section        0  stm32f1xx_hal_adc.o(i.HAL_ADC_Start)
    i.HAL_DMA_Abort                          0x080009bc   Section        0  stm32f1xx_hal_dma.o(i.HAL_DMA_Abort)
    i.HAL_DMA_Abort_IT                       0x08000a04   Section        0  stm32f1xx_hal_dma.o(i.HAL_DMA_Abort_IT)
    i.HAL_Delay                              0x08000a9c   Section        0  stm32f1xx_hal.o(i.HAL_Delay)
    i.HAL_GPIO_Init                          0x08000ac0   Section        0  stm32f1xx_hal_gpio.o(i.HAL_GPIO_Init)
    i.HAL_GPIO_ReadPin                       0x08000ca0   Section        0  stm32f1xx_hal_gpio.o(i.HAL_GPIO_ReadPin)
    i.HAL_GPIO_WritePin                      0x08000caa   Section        0  stm32f1xx_hal_gpio.o(i.HAL_GPIO_WritePin)
    i.HAL_GetTick                            0x08000cb4   Section        0  stm32f1xx_hal.o(i.HAL_GetTick)
    i.HAL_IncTick                            0x08000cc0   Section        0  stm32f1xx_hal.o(i.HAL_IncTick)
    i.HAL_Init                               0x08000cd0   Section        0  stm32f1xx_hal.o(i.HAL_Init)
    i.HAL_InitTick                           0x08000cf4   Section        0  stm32f1xx_hal.o(i.HAL_InitTick)
    i.HAL_MspInit                            0x08000d34   Section        0  stm32f1xx_hal_msp.o(i.HAL_MspInit)
    i.HAL_NVIC_EnableIRQ                     0x08000d70   Section        0  stm32f1xx_hal_cortex.o(i.HAL_NVIC_EnableIRQ)
    i.HAL_NVIC_SetPriority                   0x08000d8c   Section        0  stm32f1xx_hal_cortex.o(i.HAL_NVIC_SetPriority)
    i.HAL_NVIC_SetPriorityGrouping           0x08000dcc   Section        0  stm32f1xx_hal_cortex.o(i.HAL_NVIC_SetPriorityGrouping)
    i.HAL_RCCEx_GetPeriphCLKFreq             0x08000df0   Section        0  stm32f1xx_hal_rcc_ex.o(i.HAL_RCCEx_GetPeriphCLKFreq)
    i.HAL_RCCEx_PeriphCLKConfig              0x08000e94   Section        0  stm32f1xx_hal_rcc_ex.o(i.HAL_RCCEx_PeriphCLKConfig)
    i.HAL_RCC_ClockConfig                    0x08000f80   Section        0  stm32f1xx_hal_rcc.o(i.HAL_RCC_ClockConfig)
    i.HAL_RCC_GetPCLK1Freq                   0x080010ac   Section        0  stm32f1xx_hal_rcc.o(i.HAL_RCC_GetPCLK1Freq)
    i.HAL_RCC_GetPCLK2Freq                   0x080010cc   Section        0  stm32f1xx_hal_rcc.o(i.HAL_RCC_GetPCLK2Freq)
    i.HAL_RCC_GetSysClockFreq                0x080010ec   Section        0  stm32f1xx_hal_rcc.o(i.HAL_RCC_GetSysClockFreq)
    i.HAL_RCC_OscConfig                      0x08001138   Section        0  stm32f1xx_hal_rcc.o(i.HAL_RCC_OscConfig)
    i.HAL_SYSTICK_Config                     0x08001458   Section        0  stm32f1xx_hal_cortex.o(i.HAL_SYSTICK_Config)
    i.HAL_UARTEx_RxEventCallback             0x08001480   Section        0  stm32f1xx_hal_uart.o(i.HAL_UARTEx_RxEventCallback)
    i.HAL_UART_ErrorCallback                 0x08001482   Section        0  stm32f1xx_hal_uart.o(i.HAL_UART_ErrorCallback)
    i.HAL_UART_IRQHandler                    0x08001484   Section        0  stm32f1xx_hal_uart.o(i.HAL_UART_IRQHandler)
    i.HAL_UART_Init                          0x080016f0   Section        0  stm32f1xx_hal_uart.o(i.HAL_UART_Init)
    i.HAL_UART_MspInit                       0x08001754   Section        0  usart.o(i.HAL_UART_MspInit)
    i.HAL_UART_Receive_IT                    0x08001820   Section        0  stm32f1xx_hal_uart.o(i.HAL_UART_Receive_IT)
    i.HAL_UART_RxCpltCallback                0x0800183c   Section        0  control.o(i.HAL_UART_RxCpltCallback)
    i.HAL_UART_TxCpltCallback                0x080018e8   Section        0  stm32f1xx_hal_uart.o(i.HAL_UART_TxCpltCallback)
    i.HardFault_Handler                      0x080018ea   Section        0  stm32f1xx_it.o(i.HardFault_Handler)
    i.I2C_Start                              0x080018ec   Section        0  oled.o(i.I2C_Start)
    i.I2C_Stop                               0x08001934   Section        0  oled.o(i.I2C_Stop)
    i.I2C_WaitAck                            0x08001968   Section        0  oled.o(i.I2C_WaitAck)
    i.IIC_delay                              0x080019a4   Section        0  oled.o(i.IIC_delay)
    i.MOTOR_CONTROL1                         0x080019b0   Section        0  stepper.o(i.MOTOR_CONTROL1)
    i.MOTOR_CONTROL2                         0x08001ac0   Section        0  stepper.o(i.MOTOR_CONTROL2)
    i.MX_ADC1_Init                           0x08001bc0   Section        0  adc.o(i.MX_ADC1_Init)
    i.MX_GPIO_Init                           0x08001c0c   Section        0  gpio.o(i.MX_GPIO_Init)
    i.MX_USART1_UART_Init                    0x08001d20   Section        0  usart.o(i.MX_USART1_UART_Init)
    i.MX_USART2_UART_Init                    0x08001d58   Section        0  usart.o(i.MX_USART2_UART_Init)
    i.MemManage_Handler                      0x08001d90   Section        0  stm32f1xx_it.o(i.MemManage_Handler)
    i.NMI_Handler                            0x08001d92   Section        0  stm32f1xx_it.o(i.NMI_Handler)
    i.OLED_Clear                             0x08001d94   Section        0  oled.o(i.OLED_Clear)
    i.OLED_ColorTurn                         0x08001dc0   Section        0  oled.o(i.OLED_ColorTurn)
    i.OLED_DisplayTurn                       0x08001dd8   Section        0  oled.o(i.OLED_DisplayTurn)
    i.OLED_DrawPoint                         0x08001e04   Section        0  oled.o(i.OLED_DrawPoint)
    i.OLED_Init                              0x08001e30   Section        0  oled.o(i.OLED_Init)
    i.OLED_Pow                               0x08001f0a   Section        0  oled.o(i.OLED_Pow)
    i.OLED_Refresh                           0x08001f1c   Section        0  oled.o(i.OLED_Refresh)
    i.OLED_ShowChar                          0x08001f84   Section        0  oled.o(i.OLED_ShowChar)
    i.OLED_ShowChinese                       0x08002068   Section        0  oled.o(i.OLED_ShowChinese)
    i.OLED_ShowNum                           0x08002138   Section        0  oled.o(i.OLED_ShowNum)
    i.OLED_ShowString                        0x080021a6   Section        0  oled.o(i.OLED_ShowString)
    i.OLED_WR_Byte                           0x080021e2   Section        0  oled.o(i.OLED_WR_Byte)
    i.PendSV_Handler                         0x08002218   Section        0  stm32f1xx_it.o(i.PendSV_Handler)
    i.RCCdelay_us                            0x0800221a   Section        0  control.o(i.RCCdelay_us)
    i.SVC_Handler                            0x08002232   Section        0  stm32f1xx_it.o(i.SVC_Handler)
    i.Send_Byte                              0x08002234   Section        0  oled.o(i.Send_Byte)
    i.Step_MOTOR_Start1                      0x08002288   Section        0  stepper.o(i.Step_MOTOR_Start1)
    i.Step_MOTOR_Start2                      0x080022c0   Section        0  stepper.o(i.Step_MOTOR_Start2)
    i.Step_MOTOR_Stop1                       0x080022f8   Section        0  stepper.o(i.Step_MOTOR_Stop1)
    i.Step_MOTOR_Stop2                       0x08002334   Section        0  stepper.o(i.Step_MOTOR_Stop2)
    i.SysTick_Handler                        0x08002368   Section        0  stm32f1xx_it.o(i.SysTick_Handler)
    i.SystemClock_Config                     0x0800236c   Section        0  main.o(i.SystemClock_Config)
    i.SystemInit                             0x080023e4   Section        0  system_stm32f1xx.o(i.SystemInit)
    i.UART_DMAAbortOnError                   0x080023e6   Section        0  stm32f1xx_hal_uart.o(i.UART_DMAAbortOnError)
    UART_DMAAbortOnError                     0x080023e7   Thumb Code    16  stm32f1xx_hal_uart.o(i.UART_DMAAbortOnError)
    i.UART_EndRxTransfer                     0x080023f6   Section        0  stm32f1xx_hal_uart.o(i.UART_EndRxTransfer)
    UART_EndRxTransfer                       0x080023f7   Thumb Code    78  stm32f1xx_hal_uart.o(i.UART_EndRxTransfer)
    i.UART_Receive_IT                        0x08002444   Section        0  stm32f1xx_hal_uart.o(i.UART_Receive_IT)
    UART_Receive_IT                          0x08002445   Thumb Code   194  stm32f1xx_hal_uart.o(i.UART_Receive_IT)
    i.UART_SetConfig                         0x08002508   Section        0  stm32f1xx_hal_uart.o(i.UART_SetConfig)
    UART_SetConfig                           0x08002509   Thumb Code   178  stm32f1xx_hal_uart.o(i.UART_SetConfig)
    i.UART_Start_Receive_IT                  0x080025c0   Section        0  stm32f1xx_hal_uart.o(i.UART_Start_Receive_IT)
    i.USART2_IRQHandler                      0x080025f8   Section        0  stm32f1xx_it.o(i.USART2_IRQHandler)
    i.UsageFault_Handler                     0x08002604   Section        0  stm32f1xx_it.o(i.UsageFault_Handler)
    i.__NVIC_SetPriority                     0x08002606   Section        0  stm32f1xx_hal_cortex.o(i.__NVIC_SetPriority)
    __NVIC_SetPriority                       0x08002607   Thumb Code    32  stm32f1xx_hal_cortex.o(i.__NVIC_SetPriority)
    i.asr_control                            0x08002628   Section        0  control.o(i.asr_control)
    i.getAverageADCValue                     0x080026b8   Section        0  control.o(i.getAverageADCValue)
    i.main                                   0x08002734   Section        0  main.o(i.main)
    i.menu1                                  0x080027b4   Section        0  menu.o(i.menu1)
    i.menu2_air                              0x08002a50   Section        0  menu.o(i.menu2_air)
    i.menu2_fun                              0x08002b98   Section        0  menu.o(i.menu2_fun)
    i.menu2_led                              0x08002d88   Section        0  menu.o(i.menu2_led)
    i.menu2_win                              0x0800306c   Section        0  menu.o(i.menu2_win)
    x$fpl$d2f                                0x08003318   Section       98  d2f.o(x$fpl$d2f)
    x$fpl$dadd                               0x0800337c   Section      336  daddsub_clz.o(x$fpl$dadd)
    _dadd1                                   0x0800338d   Thumb Code     0  daddsub_clz.o(x$fpl$dadd)
    x$fpl$ddiv                               0x080034cc   Section      688  ddiv.o(x$fpl$ddiv)
    ddiv_entry                               0x080034d3   Thumb Code     0  ddiv.o(x$fpl$ddiv)
    x$fpl$dfixu                              0x0800377c   Section       90  dfixu.o(x$fpl$dfixu)
    x$fpl$dfltu                              0x080037d6   Section       38  dflt_clz.o(x$fpl$dfltu)
    x$fpl$dmul                               0x080037fc   Section      340  dmul.o(x$fpl$dmul)
    x$fpl$dnaninf                            0x08003950   Section      156  dnaninf.o(x$fpl$dnaninf)
    x$fpl$dretinf                            0x080039ec   Section       12  dretinf.o(x$fpl$dretinf)
    x$fpl$dsub                               0x080039f8   Section      468  daddsub_clz.o(x$fpl$dsub)
    _dsub1                                   0x08003a09   Thumb Code     0  daddsub_clz.o(x$fpl$dsub)
    x$fpl$ffix                               0x08003bcc   Section       54  ffix.o(x$fpl$ffix)
    x$fpl$fnaninf                            0x08003c02   Section      140  fnaninf.o(x$fpl$fnaninf)
    x$fpl$fretinf                            0x08003c8e   Section       10  fretinf.o(x$fpl$fretinf)
    .constdata                               0x08003c98   Section     8240  oled.o(.constdata)
    x$fpl$usenofp                            0x08003c98   Section        0  usenofp.o(x$fpl$usenofp)
    .constdata                               0x08005cc8   Section       18  stm32f1xx_hal_rcc.o(.constdata)
    aPredivFactorTable                       0x08005cc8   Data           2  stm32f1xx_hal_rcc.o(.constdata)
    aPLLMULFactorTable                       0x08005cca   Data          16  stm32f1xx_hal_rcc.o(.constdata)
    .constdata                               0x08005cda   Section       18  stm32f1xx_hal_rcc_ex.o(.constdata)
    aPredivFactorTable                       0x08005cda   Data           2  stm32f1xx_hal_rcc_ex.o(.constdata)
    aPLLMULFactorTable                       0x08005cdc   Data          16  stm32f1xx_hal_rcc_ex.o(.constdata)
    .constdata                               0x08005cec   Section       16  system_stm32f1xx.o(.constdata)
    .constdata                               0x08005cfc   Section        8  system_stm32f1xx.o(.constdata)
    .data                                    0x20000000   Section        4  control.o(.data)
    .data                                    0x20000004   Section        2  stepper.o(.data)
    step                                     0x20000004   Data           1  stepper.o(.data)
    step                                     0x20000005   Data           1  stepper.o(.data)
    .data                                    0x20000006   Section        1  main.o(.data)
    .data                                    0x20000008   Section       12  stm32f1xx_hal.o(.data)
    .data                                    0x20000014   Section        4  system_stm32f1xx.o(.data)
    .bss                                     0x20000018   Section     1152  oled.o(.bss)
    .bss                                     0x20000498   Section       48  adc.o(.bss)
    .bss                                     0x200004c8   Section      144  usart.o(.bss)
    .bss                                     0x20000558   Section       96  libspace.o(.bss)
    HEAP                                     0x200005b8   Section      512  startup_stm32f103xb.o(HEAP)
    Heap_Mem                                 0x200005b8   Data         512  startup_stm32f103xb.o(HEAP)
    STACK                                    0x200007b8   Section     1024  startup_stm32f103xb.o(STACK)
    Stack_Mem                                0x200007b8   Data        1024  startup_stm32f103xb.o(STACK)
    __initial_sp                             0x20000bb8   Data           0  startup_stm32f103xb.o(STACK)

    Global Symbols

    Symbol Name                              Value     Ov Type        Size  Object(Section)

    BuildAttributes$$THM_ISAv4$P$D$K$B$S$PE$A:L22UL41UL21$X:L11$S22US41US21$IEEE1$IW$USESV6$~STKCKD$USESV7$~SHL$OSPACE$ROPI$EBA8$UX$STANDARDLIB$REQ8$PRES8$EABIv2 0x00000000   Number         0  anon$$obj.o ABSOLUTE
    __ARM_use_no_argv                        0x00000000   Number         0  main.o ABSOLUTE
    __ARM_exceptions_init                     - Undefined Weak Reference
    __alloca_initialize                       - Undefined Weak Reference
    __arm_fini_                               - Undefined Weak Reference
    __arm_preinit_                            - Undefined Weak Reference
    __cpp_initialize__aeabi_                  - Undefined Weak Reference
    __cxa_finalize                            - Undefined Weak Reference
    __rt_locale                               - Undefined Weak Reference
    __sigvec_lookup                           - Undefined Weak Reference
    _atexit_init                              - Undefined Weak Reference
    _call_atexit_fns                          - Undefined Weak Reference
    _clock_init                               - Undefined Weak Reference
    _fp_trap_init                             - Undefined Weak Reference
    _fp_trap_shutdown                         - Undefined Weak Reference
    _get_lc_collate                           - Undefined Weak Reference
    _get_lc_ctype                             - Undefined Weak Reference
    _get_lc_monetary                          - Undefined Weak Reference
    _get_lc_numeric                           - Undefined Weak Reference
    _get_lc_time                              - Undefined Weak Reference
    _getenv_init                              - Undefined Weak Reference
    _handle_redirection                       - Undefined Weak Reference
    _init_alloc                               - Undefined Weak Reference
    _init_user_alloc                          - Undefined Weak Reference
    _initio                                   - Undefined Weak Reference
    _rand_init                                - Undefined Weak Reference
    _signal_finish                            - Undefined Weak Reference
    _signal_init                              - Undefined Weak Reference
    _terminate_alloc                          - Undefined Weak Reference
    _terminate_user_alloc                     - Undefined Weak Reference
    _terminateio                              - Undefined Weak Reference
    __Vectors_Size                           0x000000ec   Number         0  startup_stm32f103xb.o ABSOLUTE
    __Vectors                                0x08000000   Data           4  startup_stm32f103xb.o(RESET)
    __Vectors_End                            0x080000ec   Data           0  startup_stm32f103xb.o(RESET)
    __main                                   0x080000ed   Thumb Code     8  __main.o(!!!main)
    __scatterload                            0x080000f5   Thumb Code     0  __scatter.o(!!!scatter)
    __scatterload_rt2                        0x080000f5   Thumb Code    44  __scatter.o(!!!scatter)
    __scatterload_rt2_thumb_only             0x080000f5   Thumb Code     0  __scatter.o(!!!scatter)
    __scatterload_null                       0x08000103   Thumb Code     0  __scatter.o(!!!scatter)
    __scatterload_copy                       0x08000129   Thumb Code    26  __scatter_copy.o(!!handler_copy)
    __scatterload_zeroinit                   0x08000145   Thumb Code    28  __scatter_zi.o(!!handler_zi)
    __rt_lib_init                            0x08000161   Thumb Code     0  libinit.o(.ARM.Collect$$libinit$$00000000)
    __rt_lib_init_alloca_1                   0x08000163   Thumb Code     0  libinit2.o(.ARM.Collect$$libinit$$0000002E)
    __rt_lib_init_argv_1                     0x08000163   Thumb Code     0  libinit2.o(.ARM.Collect$$libinit$$0000002C)
    __rt_lib_init_atexit_1                   0x08000163   Thumb Code     0  libinit2.o(.ARM.Collect$$libinit$$0000001B)
    __rt_lib_init_clock_1                    0x08000163   Thumb Code     0  libinit2.o(.ARM.Collect$$libinit$$00000021)
    __rt_lib_init_cpp_1                      0x08000163   Thumb Code     0  libinit2.o(.ARM.Collect$$libinit$$00000032)
    __rt_lib_init_exceptions_1               0x08000163   Thumb Code     0  libinit2.o(.ARM.Collect$$libinit$$00000030)
    __rt_lib_init_fp_1                       0x08000163   Thumb Code     0  libinit2.o(.ARM.Collect$$libinit$$00000002)
    __rt_lib_init_fp_trap_1                  0x08000163   Thumb Code     0  libinit2.o(.ARM.Collect$$libinit$$0000001F)
    __rt_lib_init_getenv_1                   0x08000163   Thumb Code     0  libinit2.o(.ARM.Collect$$libinit$$00000023)
    __rt_lib_init_heap_1                     0x08000163   Thumb Code     0  libinit2.o(.ARM.Collect$$libinit$$0000000A)
    __rt_lib_init_lc_collate_1               0x08000163   Thumb Code     0  libinit2.o(.ARM.Collect$$libinit$$00000011)
    __rt_lib_init_lc_ctype_1                 0x08000163   Thumb Code     0  libinit2.o(.ARM.Collect$$libinit$$00000013)
    __rt_lib_init_lc_monetary_1              0x08000163   Thumb Code     0  libinit2.o(.ARM.Collect$$libinit$$00000015)
    __rt_lib_init_lc_numeric_1               0x08000163   Thumb Code     0  libinit2.o(.ARM.Collect$$libinit$$00000017)
    __rt_lib_init_lc_time_1                  0x08000163   Thumb Code     0  libinit2.o(.ARM.Collect$$libinit$$00000019)
    __rt_lib_init_preinit_1                  0x08000163   Thumb Code     0  libinit2.o(.ARM.Collect$$libinit$$00000004)
    __rt_lib_init_rand_1                     0x08000163   Thumb Code     0  libinit2.o(.ARM.Collect$$libinit$$0000000E)
    __rt_lib_init_return                     0x08000163   Thumb Code     0  libinit2.o(.ARM.Collect$$libinit$$00000033)
    __rt_lib_init_signal_1                   0x08000163   Thumb Code     0  libinit2.o(.ARM.Collect$$libinit$$0000001D)
    __rt_lib_init_stdio_1                    0x08000163   Thumb Code     0  libinit2.o(.ARM.Collect$$libinit$$00000025)
    __rt_lib_init_user_alloc_1               0x08000163   Thumb Code     0  libinit2.o(.ARM.Collect$$libinit$$0000000C)
    __rt_lib_shutdown                        0x08000165   Thumb Code     0  libshutdown.o(.ARM.Collect$$libshutdown$$00000000)
    __rt_lib_shutdown_cpp_1                  0x08000167   Thumb Code     0  libshutdown2.o(.ARM.Collect$$libshutdown$$00000004)
    __rt_lib_shutdown_fini_1                 0x08000167   Thumb Code     0  libshutdown2.o(.ARM.Collect$$libshutdown$$00000002)
    __rt_lib_shutdown_fp_trap_1              0x08000167   Thumb Code     0  libshutdown2.o(.ARM.Collect$$libshutdown$$00000009)
    __rt_lib_shutdown_heap_1                 0x08000167   Thumb Code     0  libshutdown2.o(.ARM.Collect$$libshutdown$$00000011)
    __rt_lib_shutdown_return                 0x08000167   Thumb Code     0  libshutdown2.o(.ARM.Collect$$libshutdown$$00000012)
    __rt_lib_shutdown_signal_1               0x08000167   Thumb Code     0  libshutdown2.o(.ARM.Collect$$libshutdown$$0000000C)
    __rt_lib_shutdown_stdio_1                0x08000167   Thumb Code     0  libshutdown2.o(.ARM.Collect$$libshutdown$$00000006)
    __rt_lib_shutdown_user_alloc_1           0x08000167   Thumb Code     0  libshutdown2.o(.ARM.Collect$$libshutdown$$0000000E)
    __rt_entry                               0x08000169   Thumb Code     0  __rtentry.o(.ARM.Collect$$rtentry$$00000000)
    __rt_entry_presh_1                       0x08000169   Thumb Code     0  __rtentry2.o(.ARM.Collect$$rtentry$$00000002)
    __rt_entry_sh                            0x08000169   Thumb Code     0  __rtentry4.o(.ARM.Collect$$rtentry$$00000004)
    __rt_entry_li                            0x0800016f   Thumb Code     0  __rtentry2.o(.ARM.Collect$$rtentry$$0000000A)
    __rt_entry_postsh_1                      0x0800016f   Thumb Code     0  __rtentry2.o(.ARM.Collect$$rtentry$$00000009)
    __rt_entry_main                          0x08000173   Thumb Code     0  __rtentry2.o(.ARM.Collect$$rtentry$$0000000D)
    __rt_entry_postli_1                      0x08000173   Thumb Code     0  __rtentry2.o(.ARM.Collect$$rtentry$$0000000C)
    __rt_exit                                0x0800017b   Thumb Code     0  rtexit.o(.ARM.Collect$$rtexit$$00000000)
    __rt_exit_ls                             0x0800017d   Thumb Code     0  rtexit2.o(.ARM.Collect$$rtexit$$00000003)
    __rt_exit_prels_1                        0x0800017d   Thumb Code     0  rtexit2.o(.ARM.Collect$$rtexit$$00000002)
    __rt_exit_exit                           0x08000181   Thumb Code     0  rtexit2.o(.ARM.Collect$$rtexit$$00000004)
    Reset_Handler                            0x08000189   Thumb Code     8  startup_stm32f103xb.o(.text)
    CAN1_RX1_IRQHandler                      0x080001a3   Thumb Code     0  startup_stm32f103xb.o(.text)
    CAN1_SCE_IRQHandler                      0x080001a3   Thumb Code     0  startup_stm32f103xb.o(.text)
    DMA1_Channel1_IRQHandler                 0x080001a3   Thumb Code     0  startup_stm32f103xb.o(.text)
    DMA1_Channel2_IRQHandler                 0x080001a3   Thumb Code     0  startup_stm32f103xb.o(.text)
    DMA1_Channel3_IRQHandler                 0x080001a3   Thumb Code     0  startup_stm32f103xb.o(.text)
    DMA1_Channel4_IRQHandler                 0x080001a3   Thumb Code     0  startup_stm32f103xb.o(.text)
    DMA1_Channel5_IRQHandler                 0x080001a3   Thumb Code     0  startup_stm32f103xb.o(.text)
    DMA1_Channel6_IRQHandler                 0x080001a3   Thumb Code     0  startup_stm32f103xb.o(.text)
    DMA1_Channel7_IRQHandler                 0x080001a3   Thumb Code     0  startup_stm32f103xb.o(.text)
    EXTI0_IRQHandler                         0x080001a3   Thumb Code     0  startup_stm32f103xb.o(.text)
    EXTI15_10_IRQHandler                     0x080001a3   Thumb Code     0  startup_stm32f103xb.o(.text)
    EXTI1_IRQHandler                         0x080001a3   Thumb Code     0  startup_stm32f103xb.o(.text)
    EXTI2_IRQHandler                         0x080001a3   Thumb Code     0  startup_stm32f103xb.o(.text)
    EXTI3_IRQHandler                         0x080001a3   Thumb Code     0  startup_stm32f103xb.o(.text)
    EXTI4_IRQHandler                         0x080001a3   Thumb Code     0  startup_stm32f103xb.o(.text)
    EXTI9_5_IRQHandler                       0x080001a3   Thumb Code     0  startup_stm32f103xb.o(.text)
    FLASH_IRQHandler                         0x080001a3   Thumb Code     0  startup_stm32f103xb.o(.text)
    I2C1_ER_IRQHandler                       0x080001a3   Thumb Code     0  startup_stm32f103xb.o(.text)
    I2C1_EV_IRQHandler                       0x080001a3   Thumb Code     0  startup_stm32f103xb.o(.text)
    I2C2_ER_IRQHandler                       0x080001a3   Thumb Code     0  startup_stm32f103xb.o(.text)
    I2C2_EV_IRQHandler                       0x080001a3   Thumb Code     0  startup_stm32f103xb.o(.text)
    PVD_IRQHandler                           0x080001a3   Thumb Code     0  startup_stm32f103xb.o(.text)
    RCC_IRQHandler                           0x080001a3   Thumb Code     0  startup_stm32f103xb.o(.text)
    RTC_Alarm_IRQHandler                     0x080001a3   Thumb Code     0  startup_stm32f103xb.o(.text)
    RTC_IRQHandler                           0x080001a3   Thumb Code     0  startup_stm32f103xb.o(.text)
    SPI1_IRQHandler                          0x080001a3   Thumb Code     0  startup_stm32f103xb.o(.text)
    SPI2_IRQHandler                          0x080001a3   Thumb Code     0  startup_stm32f103xb.o(.text)
    TAMPER_IRQHandler                        0x080001a3   Thumb Code     0  startup_stm32f103xb.o(.text)
    TIM1_BRK_IRQHandler                      0x080001a3   Thumb Code     0  startup_stm32f103xb.o(.text)
    TIM1_CC_IRQHandler                       0x080001a3   Thumb Code     0  startup_stm32f103xb.o(.text)
    TIM1_TRG_COM_IRQHandler                  0x080001a3   Thumb Code     0  startup_stm32f103xb.o(.text)
    TIM1_UP_IRQHandler                       0x080001a3   Thumb Code     0  startup_stm32f103xb.o(.text)
    TIM2_IRQHandler                          0x080001a3   Thumb Code     0  startup_stm32f103xb.o(.text)
    TIM3_IRQHandler                          0x080001a3   Thumb Code     0  startup_stm32f103xb.o(.text)
    TIM4_IRQHandler                          0x080001a3   Thumb Code     0  startup_stm32f103xb.o(.text)
    USART1_IRQHandler                        0x080001a3   Thumb Code     0  startup_stm32f103xb.o(.text)
    USART3_IRQHandler                        0x080001a3   Thumb Code     0  startup_stm32f103xb.o(.text)
    USBWakeUp_IRQHandler                     0x080001a3   Thumb Code     0  startup_stm32f103xb.o(.text)
    USB_HP_CAN1_TX_IRQHandler                0x080001a3   Thumb Code     0  startup_stm32f103xb.o(.text)
    USB_LP_CAN1_RX0_IRQHandler               0x080001a3   Thumb Code     0  startup_stm32f103xb.o(.text)
    WWDG_IRQHandler                          0x080001a3   Thumb Code     0  startup_stm32f103xb.o(.text)
    __user_initial_stackheap                 0x080001a5   Thumb Code     0  startup_stm32f103xb.o(.text)
    __aeabi_memclr4                          0x080001c9   Thumb Code     0  rt_memclr_w.o(.text)
    __aeabi_memclr8                          0x080001c9   Thumb Code     0  rt_memclr_w.o(.text)
    __rt_memclr_w                            0x080001c9   Thumb Code    78  rt_memclr_w.o(.text)
    _memset_w                                0x080001cd   Thumb Code     0  rt_memclr_w.o(.text)
    __use_two_region_memory                  0x08000217   Thumb Code     2  heapauxi.o(.text)
    __rt_heap_escrow$2region                 0x08000219   Thumb Code     2  heapauxi.o(.text)
    __rt_heap_expand$2region                 0x0800021b   Thumb Code     2  heapauxi.o(.text)
    __user_setup_stackheap                   0x0800021d   Thumb Code    74  sys_stackheap_outer.o(.text)
    exit                                     0x08000267   Thumb Code    18  exit.o(.text)
    __user_libspace                          0x08000279   Thumb Code     8  libspace.o(.text)
    __user_perproc_libspace                  0x08000279   Thumb Code     0  libspace.o(.text)
    __user_perthread_libspace                0x08000279   Thumb Code     0  libspace.o(.text)
    _sys_exit                                0x08000281   Thumb Code     8  sys_exit.o(.text)
    __I$use$semihosting                      0x0800028d   Thumb Code     0  use_no_semi.o(.text)
    __use_no_semihosting_swi                 0x0800028d   Thumb Code     2  use_no_semi.o(.text)
    __semihosting_library_function           0x0800028f   Thumb Code     0  indicate_semi.o(.text)
    ADC1_2_IRQHandler                        0x08000291   Thumb Code     6  stm32f1xx_it.o(i.ADC1_2_IRQHandler)
    ADC_ConversionStop_Disable               0x0800029d   Thumb Code    86  stm32f1xx_hal_adc.o(i.ADC_ConversionStop_Disable)
    ADC_Enable                               0x080002f5   Thumb Code   114  stm32f1xx_hal_adc.o(i.ADC_Enable)
    BusFault_Handler                         0x08000371   Thumb Code     2  stm32f1xx_it.o(i.BusFault_Handler)
    DebugMon_Handler                         0x08000373   Thumb Code     2  stm32f1xx_it.o(i.DebugMon_Handler)
    Error_Handler                            0x08000375   Thumb Code     4  main.o(i.Error_Handler)
    HAL_ADCEx_Calibration_Start              0x08000379   Thumb Code   210  stm32f1xx_hal_adc_ex.o(i.HAL_ADCEx_Calibration_Start)
    HAL_ADCEx_InjectedConvCpltCallback       0x08000451   Thumb Code     2  stm32f1xx_hal_adc_ex.o(i.HAL_ADCEx_InjectedConvCpltCallback)
    HAL_ADC_ConfigChannel                    0x08000455   Thumb Code   240  stm32f1xx_hal_adc.o(i.HAL_ADC_ConfigChannel)
    HAL_ADC_ConvCpltCallback                 0x08000551   Thumb Code     2  stm32f1xx_hal_adc.o(i.HAL_ADC_ConvCpltCallback)
    HAL_ADC_GetState                         0x08000553   Thumb Code     4  stm32f1xx_hal_adc.o(i.HAL_ADC_GetState)
    HAL_ADC_GetValue                         0x08000557   Thumb Code     6  stm32f1xx_hal_adc.o(i.HAL_ADC_GetValue)
    HAL_ADC_IRQHandler                       0x0800055d   Thumb Code   220  stm32f1xx_hal_adc.o(i.HAL_ADC_IRQHandler)
    HAL_ADC_Init                             0x08000639   Thumb Code   272  stm32f1xx_hal_adc.o(i.HAL_ADC_Init)
    HAL_ADC_LevelOutOfWindowCallback         0x08000755   Thumb Code     2  stm32f1xx_hal_adc.o(i.HAL_ADC_LevelOutOfWindowCallback)
    HAL_ADC_MspInit                          0x08000759   Thumb Code    92  adc.o(i.HAL_ADC_MspInit)
    HAL_ADC_PollForConversion                0x080007c1   Thumb Code   304  stm32f1xx_hal_adc.o(i.HAL_ADC_PollForConversion)
    HAL_ADC_Start                            0x080008fd   Thumb Code   184  stm32f1xx_hal_adc.o(i.HAL_ADC_Start)
    HAL_DMA_Abort                            0x080009bd   Thumb Code    70  stm32f1xx_hal_dma.o(i.HAL_DMA_Abort)
    HAL_DMA_Abort_IT                         0x08000a05   Thumb Code   148  stm32f1xx_hal_dma.o(i.HAL_DMA_Abort_IT)
    HAL_Delay                                0x08000a9d   Thumb Code    32  stm32f1xx_hal.o(i.HAL_Delay)
    HAL_GPIO_Init                            0x08000ac1   Thumb Code   446  stm32f1xx_hal_gpio.o(i.HAL_GPIO_Init)
    HAL_GPIO_ReadPin                         0x08000ca1   Thumb Code    10  stm32f1xx_hal_gpio.o(i.HAL_GPIO_ReadPin)
    HAL_GPIO_WritePin                        0x08000cab   Thumb Code    10  stm32f1xx_hal_gpio.o(i.HAL_GPIO_WritePin)
    HAL_GetTick                              0x08000cb5   Thumb Code     6  stm32f1xx_hal.o(i.HAL_GetTick)
    HAL_IncTick                              0x08000cc1   Thumb Code    12  stm32f1xx_hal.o(i.HAL_IncTick)
    HAL_Init                                 0x08000cd1   Thumb Code    32  stm32f1xx_hal.o(i.HAL_Init)
    HAL_InitTick                             0x08000cf5   Thumb Code    54  stm32f1xx_hal.o(i.HAL_InitTick)
    HAL_MspInit                              0x08000d35   Thumb Code    52  stm32f1xx_hal_msp.o(i.HAL_MspInit)
    HAL_NVIC_EnableIRQ                       0x08000d71   Thumb Code    26  stm32f1xx_hal_cortex.o(i.HAL_NVIC_EnableIRQ)
    HAL_NVIC_SetPriority                     0x08000d8d   Thumb Code    60  stm32f1xx_hal_cortex.o(i.HAL_NVIC_SetPriority)
    HAL_NVIC_SetPriorityGrouping             0x08000dcd   Thumb Code    26  stm32f1xx_hal_cortex.o(i.HAL_NVIC_SetPriorityGrouping)
    HAL_RCCEx_GetPeriphCLKFreq               0x08000df1   Thumb Code   148  stm32f1xx_hal_rcc_ex.o(i.HAL_RCCEx_GetPeriphCLKFreq)
    HAL_RCCEx_PeriphCLKConfig                0x08000e95   Thumb Code   224  stm32f1xx_hal_rcc_ex.o(i.HAL_RCCEx_PeriphCLKConfig)
    HAL_RCC_ClockConfig                      0x08000f81   Thumb Code   280  stm32f1xx_hal_rcc.o(i.HAL_RCC_ClockConfig)
    HAL_RCC_GetPCLK1Freq                     0x080010ad   Thumb Code    20  stm32f1xx_hal_rcc.o(i.HAL_RCC_GetPCLK1Freq)
    HAL_RCC_GetPCLK2Freq                     0x080010cd   Thumb Code    20  stm32f1xx_hal_rcc.o(i.HAL_RCC_GetPCLK2Freq)
    HAL_RCC_GetSysClockFreq                  0x080010ed   Thumb Code    58  stm32f1xx_hal_rcc.o(i.HAL_RCC_GetSysClockFreq)
    HAL_RCC_OscConfig                        0x08001139   Thumb Code   778  stm32f1xx_hal_rcc.o(i.HAL_RCC_OscConfig)
    HAL_SYSTICK_Config                       0x08001459   Thumb Code    40  stm32f1xx_hal_cortex.o(i.HAL_SYSTICK_Config)
    HAL_UARTEx_RxEventCallback               0x08001481   Thumb Code     2  stm32f1xx_hal_uart.o(i.HAL_UARTEx_RxEventCallback)
    HAL_UART_ErrorCallback                   0x08001483   Thumb Code     2  stm32f1xx_hal_uart.o(i.HAL_UART_ErrorCallback)
    HAL_UART_IRQHandler                      0x08001485   Thumb Code   616  stm32f1xx_hal_uart.o(i.HAL_UART_IRQHandler)
    HAL_UART_Init                            0x080016f1   Thumb Code   100  stm32f1xx_hal_uart.o(i.HAL_UART_Init)
    HAL_UART_MspInit                         0x08001755   Thumb Code   186  usart.o(i.HAL_UART_MspInit)
    HAL_UART_Receive_IT                      0x08001821   Thumb Code    28  stm32f1xx_hal_uart.o(i.HAL_UART_Receive_IT)
    HAL_UART_RxCpltCallback                  0x0800183d   Thumb Code   146  control.o(i.HAL_UART_RxCpltCallback)
    HAL_UART_TxCpltCallback                  0x080018e9   Thumb Code     2  stm32f1xx_hal_uart.o(i.HAL_UART_TxCpltCallback)
    HardFault_Handler                        0x080018eb   Thumb Code     2  stm32f1xx_it.o(i.HardFault_Handler)
    I2C_Start                                0x080018ed   Thumb Code    66  oled.o(i.I2C_Start)
    I2C_Stop                                 0x08001935   Thumb Code    46  oled.o(i.I2C_Stop)
    I2C_WaitAck                              0x08001969   Thumb Code    56  oled.o(i.I2C_WaitAck)
    IIC_delay                                0x080019a5   Thumb Code    10  oled.o(i.IIC_delay)
    MOTOR_CONTROL1                           0x080019b1   Thumb Code   260  stepper.o(i.MOTOR_CONTROL1)
    MOTOR_CONTROL2                           0x08001ac1   Thumb Code   246  stepper.o(i.MOTOR_CONTROL2)
    MX_ADC1_Init                             0x08001bc1   Thumb Code    68  adc.o(i.MX_ADC1_Init)
    MX_GPIO_Init                             0x08001c0d   Thumb Code   260  gpio.o(i.MX_GPIO_Init)
    MX_USART1_UART_Init                      0x08001d21   Thumb Code    48  usart.o(i.MX_USART1_UART_Init)
    MX_USART2_UART_Init                      0x08001d59   Thumb Code    48  usart.o(i.MX_USART2_UART_Init)
    MemManage_Handler                        0x08001d91   Thumb Code     2  stm32f1xx_it.o(i.MemManage_Handler)
    NMI_Handler                              0x08001d93   Thumb Code     2  stm32f1xx_it.o(i.NMI_Handler)
    OLED_Clear                               0x08001d95   Thumb Code    40  oled.o(i.OLED_Clear)
    OLED_ColorTurn                           0x08001dc1   Thumb Code    24  oled.o(i.OLED_ColorTurn)
    OLED_DisplayTurn                         0x08001dd9   Thumb Code    44  oled.o(i.OLED_DisplayTurn)
    OLED_DrawPoint                           0x08001e05   Thumb Code    40  oled.o(i.OLED_DrawPoint)
    OLED_Init                                0x08001e31   Thumb Code   218  oled.o(i.OLED_Init)
    OLED_Pow                                 0x08001f0b   Thumb Code    16  oled.o(i.OLED_Pow)
    OLED_Refresh                             0x08001f1d   Thumb Code   100  oled.o(i.OLED_Refresh)
    OLED_ShowChar                            0x08001f85   Thumb Code   212  oled.o(i.OLED_ShowChar)
    OLED_ShowChinese                         0x08002069   Thumb Code   198  oled.o(i.OLED_ShowChinese)
    OLED_ShowNum                             0x08002139   Thumb Code   110  oled.o(i.OLED_ShowNum)
    OLED_ShowString                          0x080021a7   Thumb Code    60  oled.o(i.OLED_ShowString)
    OLED_WR_Byte                             0x080021e3   Thumb Code    54  oled.o(i.OLED_WR_Byte)
    PendSV_Handler                           0x08002219   Thumb Code     2  stm32f1xx_it.o(i.PendSV_Handler)
    RCCdelay_us                              0x0800221b   Thumb Code    24  control.o(i.RCCdelay_us)
    SVC_Handler                              0x08002233   Thumb Code     2  stm32f1xx_it.o(i.SVC_Handler)
    Send_Byte                                0x08002235   Thumb Code    80  oled.o(i.Send_Byte)
    Step_MOTOR_Start1                        0x08002289   Thumb Code    52  stepper.o(i.Step_MOTOR_Start1)
    Step_MOTOR_Start2                        0x080022c1   Thumb Code    52  stepper.o(i.Step_MOTOR_Start2)
    Step_MOTOR_Stop1                         0x080022f9   Thumb Code    50  stepper.o(i.Step_MOTOR_Stop1)
    Step_MOTOR_Stop2                         0x08002335   Thumb Code    48  stepper.o(i.Step_MOTOR_Stop2)
    SysTick_Handler                          0x08002369   Thumb Code     4  stm32f1xx_it.o(i.SysTick_Handler)
    SystemClock_Config                       0x0800236d   Thumb Code   120  main.o(i.SystemClock_Config)
    SystemInit                               0x080023e5   Thumb Code     2  system_stm32f1xx.o(i.SystemInit)
    UART_Start_Receive_IT                    0x080025c1   Thumb Code    54  stm32f1xx_hal_uart.o(i.UART_Start_Receive_IT)
    USART2_IRQHandler                        0x080025f9   Thumb Code     6  stm32f1xx_it.o(i.USART2_IRQHandler)
    UsageFault_Handler                       0x08002605   Thumb Code     2  stm32f1xx_it.o(i.UsageFault_Handler)
    asr_control                              0x08002629   Thumb Code   136  control.o(i.asr_control)
    getAverageADCValue                       0x080026b9   Thumb Code   110  control.o(i.getAverageADCValue)
    main                                     0x08002735   Thumb Code   116  main.o(i.main)
    menu1                                    0x080027b5   Thumb Code   652  menu.o(i.menu1)
    menu2_air                                0x08002a51   Thumb Code   276  menu.o(i.menu2_air)
    menu2_fun                                0x08002b99   Thumb Code   482  menu.o(i.menu2_fun)
    menu2_led                                0x08002d89   Thumb Code   722  menu.o(i.menu2_led)
    menu2_win                                0x0800306d   Thumb Code   672  menu.o(i.menu2_win)
    __aeabi_d2f                              0x08003319   Thumb Code     0  d2f.o(x$fpl$d2f)
    _d2f                                     0x08003319   Thumb Code    98  d2f.o(x$fpl$d2f)
    __aeabi_dadd                             0x0800337d   Thumb Code     0  daddsub_clz.o(x$fpl$dadd)
    _dadd                                    0x0800337d   Thumb Code   332  daddsub_clz.o(x$fpl$dadd)
    __aeabi_ddiv                             0x080034cd   Thumb Code     0  ddiv.o(x$fpl$ddiv)
    _ddiv                                    0x080034cd   Thumb Code   552  ddiv.o(x$fpl$ddiv)
    __aeabi_d2uiz                            0x0800377d   Thumb Code     0  dfixu.o(x$fpl$dfixu)
    _dfixu                                   0x0800377d   Thumb Code    90  dfixu.o(x$fpl$dfixu)
    __aeabi_ui2d                             0x080037d7   Thumb Code     0  dflt_clz.o(x$fpl$dfltu)
    _dfltu                                   0x080037d7   Thumb Code    38  dflt_clz.o(x$fpl$dfltu)
    __aeabi_dmul                             0x080037fd   Thumb Code     0  dmul.o(x$fpl$dmul)
    _dmul                                    0x080037fd   Thumb Code   332  dmul.o(x$fpl$dmul)
    __fpl_dnaninf                            0x08003951   Thumb Code   156  dnaninf.o(x$fpl$dnaninf)
    __fpl_dretinf                            0x080039ed   Thumb Code    12  dretinf.o(x$fpl$dretinf)
    __aeabi_dsub                             0x080039f9   Thumb Code     0  daddsub_clz.o(x$fpl$dsub)
    _dsub                                    0x080039f9   Thumb Code   464  daddsub_clz.o(x$fpl$dsub)
    __aeabi_f2iz                             0x08003bcd   Thumb Code     0  ffix.o(x$fpl$ffix)
    _ffix                                    0x08003bcd   Thumb Code    54  ffix.o(x$fpl$ffix)
    __fpl_fnaninf                            0x08003c03   Thumb Code   140  fnaninf.o(x$fpl$fnaninf)
    __fpl_fretinf                            0x08003c8f   Thumb Code    10  fretinf.o(x$fpl$fretinf)
    __I$use$fp                               0x08003c98   Number         0  usenofp.o(x$fpl$usenofp)
    asc2_0806                                0x08003c98   Data         552  oled.o(.constdata)
    asc2_1206                                0x08003ec0   Data        1140  oled.o(.constdata)
    asc2_1608                                0x08004334   Data        1520  oled.o(.constdata)
    asc2_2412                                0x08004924   Data        3420  oled.o(.constdata)
    Hzk1                                     0x08005680   Data         896  oled.o(.constdata)
    Hzk2                                     0x08005a00   Data          72  oled.o(.constdata)
    Hzk3                                     0x08005a48   Data         128  oled.o(.constdata)
    Hzk4                                     0x08005ac8   Data         512  oled.o(.constdata)
    AHBPrescTable                            0x08005cec   Data          16  system_stm32f1xx.o(.constdata)
    APBPrescTable                            0x08005cfc   Data           8  system_stm32f1xx.o(.constdata)
    Region$$Table$$Base                      0x08005d04   Number         0  anon$$obj.o(Region$$Table)
    Region$$Table$$Limit                     0x08005d24   Number         0  anon$$obj.o(Region$$Table)
    delayFlag                                0x20000000   Data           1  control.o(.data)
    a                                        0x20000002   Data           2  control.o(.data)
    rx                                       0x20000006   Data           1  main.o(.data)
    uwTickFreq                               0x20000008   Data           1  stm32f1xx_hal.o(.data)
    uwTickPrio                               0x2000000c   Data           4  stm32f1xx_hal.o(.data)
    uwTick                                   0x20000010   Data           4  stm32f1xx_hal.o(.data)
    SystemCoreClock                          0x20000014   Data           4  system_stm32f1xx.o(.data)
    OLED_GRAM                                0x20000018   Data        1152  oled.o(.bss)
    hadc1                                    0x20000498   Data          48  adc.o(.bss)
    huart1                                   0x200004c8   Data          72  usart.o(.bss)
    huart2                                   0x20000510   Data          72  usart.o(.bss)
    __libspace_start                         0x20000558   Data          96  libspace.o(.bss)
    __temporary_stack_top$libspace           0x200005b8   Data           0  libspace.o(.bss)



==============================================================================

Memory Map of the image

  Image Entry point : 0x080000ed

  Load Region LR_IROM1 (Base: 0x08000000, Size: 0x00005d3c, Max: 0x00010000, ABSOLUTE)

    Execution Region ER_IROM1 (Exec base: 0x08000000, Load base: 0x08000000, Size: 0x00005d24, Max: 0x00010000, ABSOLUTE)

    Exec Addr    Load Addr    Size         Type   Attr      Idx    E Section Name        Object

    0x08000000   0x08000000   0x000000ec   Data   RO            3    RESET               startup_stm32f103xb.o
    0x080000ec   0x080000ec   0x00000008   Code   RO         2484  * !!!main             c_w.l(__main.o)
    0x080000f4   0x080000f4   0x00000034   Code   RO         2684    !!!scatter          c_w.l(__scatter.o)
    0x08000128   0x08000128   0x0000001a   Code   RO         2686    !!handler_copy      c_w.l(__scatter_copy.o)
    0x08000142   0x08000142   0x00000002   PAD
    0x08000144   0x08000144   0x0000001c   Code   RO         2688    !!handler_zi        c_w.l(__scatter_zi.o)
    0x08000160   0x08000160   0x00000002   Code   RO         2552    .ARM.Collect$$libinit$$00000000  c_w.l(libinit.o)
    0x08000162   0x08000162   0x00000000   Code   RO         2559    .ARM.Collect$$libinit$$00000002  c_w.l(libinit2.o)
    0x08000162   0x08000162   0x00000000   Code   RO         2561    .ARM.Collect$$libinit$$00000004  c_w.l(libinit2.o)
    0x08000162   0x08000162   0x00000000   Code   RO         2564    .ARM.Collect$$libinit$$0000000A  c_w.l(libinit2.o)
    0x08000162   0x08000162   0x00000000   Code   RO         2566    .ARM.Collect$$libinit$$0000000C  c_w.l(libinit2.o)
    0x08000162   0x08000162   0x00000000   Code   RO         2568    .ARM.Collect$$libinit$$0000000E  c_w.l(libinit2.o)
    0x08000162   0x08000162   0x00000000   Code   RO         2571    .ARM.Collect$$libinit$$00000011  c_w.l(libinit2.o)
    0x08000162   0x08000162   0x00000000   Code   RO         2573    .ARM.Collect$$libinit$$00000013  c_w.l(libinit2.o)
    0x08000162   0x08000162   0x00000000   Code   RO         2575    .ARM.Collect$$libinit$$00000015  c_w.l(libinit2.o)
    0x08000162   0x08000162   0x00000000   Code   RO         2577    .ARM.Collect$$libinit$$00000017  c_w.l(libinit2.o)
    0x08000162   0x08000162   0x00000000   Code   RO         2579    .ARM.Collect$$libinit$$00000019  c_w.l(libinit2.o)
    0x08000162   0x08000162   0x00000000   Code   RO         2581    .ARM.Collect$$libinit$$0000001B  c_w.l(libinit2.o)
    0x08000162   0x08000162   0x00000000   Code   RO         2583    .ARM.Collect$$libinit$$0000001D  c_w.l(libinit2.o)
    0x08000162   0x08000162   0x00000000   Code   RO         2585    .ARM.Collect$$libinit$$0000001F  c_w.l(libinit2.o)
    0x08000162   0x08000162   0x00000000   Code   RO         2587    .ARM.Collect$$libinit$$00000021  c_w.l(libinit2.o)
    0x08000162   0x08000162   0x00000000   Code   RO         2589    .ARM.Collect$$libinit$$00000023  c_w.l(libinit2.o)
    0x08000162   0x08000162   0x00000000   Code   RO         2591    .ARM.Collect$$libinit$$00000025  c_w.l(libinit2.o)
    0x08000162   0x08000162   0x00000000   Code   RO         2595    .ARM.Collect$$libinit$$0000002C  c_w.l(libinit2.o)
    0x08000162   0x08000162   0x00000000   Code   RO         2597    .ARM.Collect$$libinit$$0000002E  c_w.l(libinit2.o)
    0x08000162   0x08000162   0x00000000   Code   RO         2599    .ARM.Collect$$libinit$$00000030  c_w.l(libinit2.o)
    0x08000162   0x08000162   0x00000000   Code   RO         2601    .ARM.Collect$$libinit$$00000032  c_w.l(libinit2.o)
    0x08000162   0x08000162   0x00000002   Code   RO         2602    .ARM.Collect$$libinit$$00000033  c_w.l(libinit2.o)
    0x08000164   0x08000164   0x00000002   Code   RO         2622    .ARM.Collect$$libshutdown$$00000000  c_w.l(libshutdown.o)
    0x08000166   0x08000166   0x00000000   Code   RO         2635    .ARM.Collect$$libshutdown$$00000002  c_w.l(libshutdown2.o)
    0x08000166   0x08000166   0x00000000   Code   RO         2637    .ARM.Collect$$libshutdown$$00000004  c_w.l(libshutdown2.o)
    0x08000166   0x08000166   0x00000000   Code   RO         2639    .ARM.Collect$$libshutdown$$00000006  c_w.l(libshutdown2.o)
    0x08000166   0x08000166   0x00000000   Code   RO         2642    .ARM.Collect$$libshutdown$$00000009  c_w.l(libshutdown2.o)
    0x08000166   0x08000166   0x00000000   Code   RO         2645    .ARM.Collect$$libshutdown$$0000000C  c_w.l(libshutdown2.o)
    0x08000166   0x08000166   0x00000000   Code   RO         2647    .ARM.Collect$$libshutdown$$0000000E  c_w.l(libshutdown2.o)
    0x08000166   0x08000166   0x00000000   Code   RO         2650    .ARM.Collect$$libshutdown$$00000011  c_w.l(libshutdown2.o)
    0x08000166   0x08000166   0x00000002   Code   RO         2651    .ARM.Collect$$libshutdown$$00000012  c_w.l(libshutdown2.o)
    0x08000168   0x08000168   0x00000000   Code   RO         2518    .ARM.Collect$$rtentry$$00000000  c_w.l(__rtentry.o)
    0x08000168   0x08000168   0x00000000   Code   RO         2529    .ARM.Collect$$rtentry$$00000002  c_w.l(__rtentry2.o)
    0x08000168   0x08000168   0x00000006   Code   RO         2541    .ARM.Collect$$rtentry$$00000004  c_w.l(__rtentry4.o)
    0x0800016e   0x0800016e   0x00000000   Code   RO         2531    .ARM.Collect$$rtentry$$00000009  c_w.l(__rtentry2.o)
    0x0800016e   0x0800016e   0x00000004   Code   RO         2532    .ARM.Collect$$rtentry$$0000000A  c_w.l(__rtentry2.o)
    0x08000172   0x08000172   0x00000000   Code   RO         2534    .ARM.Collect$$rtentry$$0000000C  c_w.l(__rtentry2.o)
    0x08000172   0x08000172   0x00000008   Code   RO         2535    .ARM.Collect$$rtentry$$0000000D  c_w.l(__rtentry2.o)
    0x0800017a   0x0800017a   0x00000002   Code   RO         2556    .ARM.Collect$$rtexit$$00000000  c_w.l(rtexit.o)
    0x0800017c   0x0800017c   0x00000000   Code   RO         2604    .ARM.Collect$$rtexit$$00000002  c_w.l(rtexit2.o)
    0x0800017c   0x0800017c   0x00000004   Code   RO         2605    .ARM.Collect$$rtexit$$00000003  c_w.l(rtexit2.o)
    0x08000180   0x08000180   0x00000006   Code   RO         2606    .ARM.Collect$$rtexit$$00000004  c_w.l(rtexit2.o)
    0x08000186   0x08000186   0x00000002   PAD
    0x08000188   0x08000188   0x00000040   Code   RO            4    .text               startup_stm32f103xb.o
    0x080001c8   0x080001c8   0x0000004e   Code   RO         2480    .text               c_w.l(rt_memclr_w.o)
    0x08000216   0x08000216   0x00000006   Code   RO         2482    .text               c_w.l(heapauxi.o)
    0x0800021c   0x0800021c   0x0000004a   Code   RO         2543    .text               c_w.l(sys_stackheap_outer.o)
    0x08000266   0x08000266   0x00000012   Code   RO         2545    .text               c_w.l(exit.o)
    0x08000278   0x08000278   0x00000008   Code   RO         2553    .text               c_w.l(libspace.o)
    0x08000280   0x08000280   0x0000000c   Code   RO         2614    .text               c_w.l(sys_exit.o)
    0x0800028c   0x0800028c   0x00000002   Code   RO         2625    .text               c_w.l(use_no_semi.o)
    0x0800028e   0x0800028e   0x00000000   Code   RO         2627    .text               c_w.l(indicate_semi.o)
    0x0800028e   0x0800028e   0x00000002   PAD
    0x08000290   0x08000290   0x0000000c   Code   RO          641    i.ADC1_2_IRQHandler  stm32f1xx_it.o
    0x0800029c   0x0800029c   0x00000056   Code   RO          789    i.ADC_ConversionStop_Disable  stm32f1xx_hal_adc.o
    0x080002f2   0x080002f2   0x00000002   PAD
    0x080002f4   0x080002f4   0x0000007c   Code   RO          793    i.ADC_Enable        stm32f1xx_hal_adc.o
    0x08000370   0x08000370   0x00000002   Code   RO          642    i.BusFault_Handler  stm32f1xx_it.o
    0x08000372   0x08000372   0x00000002   Code   RO          643    i.DebugMon_Handler  stm32f1xx_it.o
    0x08000374   0x08000374   0x00000004   Code   RO          468    i.Error_Handler     main.o
    0x08000378   0x08000378   0x000000d8   Code   RO          969    i.HAL_ADCEx_Calibration_Start  stm32f1xx_hal_adc_ex.o
    0x08000450   0x08000450   0x00000002   Code   RO          971    i.HAL_ADCEx_InjectedConvCpltCallback  stm32f1xx_hal_adc_ex.o
    0x08000452   0x08000452   0x00000002   PAD
    0x08000454   0x08000454   0x000000fc   Code   RO          795    i.HAL_ADC_ConfigChannel  stm32f1xx_hal_adc.o
    0x08000550   0x08000550   0x00000002   Code   RO          796    i.HAL_ADC_ConvCpltCallback  stm32f1xx_hal_adc.o
    0x08000552   0x08000552   0x00000004   Code   RO          801    i.HAL_ADC_GetState  stm32f1xx_hal_adc.o
    0x08000556   0x08000556   0x00000006   Code   RO          802    i.HAL_ADC_GetValue  stm32f1xx_hal_adc.o
    0x0800055c   0x0800055c   0x000000dc   Code   RO          803    i.HAL_ADC_IRQHandler  stm32f1xx_hal_adc.o
    0x08000638   0x08000638   0x0000011c   Code   RO          804    i.HAL_ADC_Init      stm32f1xx_hal_adc.o
    0x08000754   0x08000754   0x00000002   Code   RO          805    i.HAL_ADC_LevelOutOfWindowCallback  stm32f1xx_hal_adc.o
    0x08000756   0x08000756   0x00000002   PAD
    0x08000758   0x08000758   0x00000068   Code   RO          552    i.HAL_ADC_MspInit   adc.o
    0x080007c0   0x080007c0   0x0000013c   Code   RO          808    i.HAL_ADC_PollForConversion  stm32f1xx_hal_adc.o
    0x080008fc   0x080008fc   0x000000c0   Code   RO          810    i.HAL_ADC_Start     stm32f1xx_hal_adc.o
    0x080009bc   0x080009bc   0x00000046   Code   RO         1446    i.HAL_DMA_Abort     stm32f1xx_hal_dma.o
    0x08000a02   0x08000a02   0x00000002   PAD
    0x08000a04   0x08000a04   0x00000098   Code   RO         1447    i.HAL_DMA_Abort_IT  stm32f1xx_hal_dma.o
    0x08000a9c   0x08000a9c   0x00000024   Code   RO         1072    i.HAL_Delay         stm32f1xx_hal.o
    0x08000ac0   0x08000ac0   0x000001e0   Code   RO         1382    i.HAL_GPIO_Init     stm32f1xx_hal_gpio.o
    0x08000ca0   0x08000ca0   0x0000000a   Code   RO         1384    i.HAL_GPIO_ReadPin  stm32f1xx_hal_gpio.o
    0x08000caa   0x08000caa   0x0000000a   Code   RO         1386    i.HAL_GPIO_WritePin  stm32f1xx_hal_gpio.o
    0x08000cb4   0x08000cb4   0x0000000c   Code   RO         1076    i.HAL_GetTick       stm32f1xx_hal.o
    0x08000cc0   0x08000cc0   0x00000010   Code   RO         1082    i.HAL_IncTick       stm32f1xx_hal.o
    0x08000cd0   0x08000cd0   0x00000024   Code   RO         1083    i.HAL_Init          stm32f1xx_hal.o
    0x08000cf4   0x08000cf4   0x00000040   Code   RO         1084    i.HAL_InitTick      stm32f1xx_hal.o
    0x08000d34   0x08000d34   0x0000003c   Code   RO          729    i.HAL_MspInit       stm32f1xx_hal_msp.o
    0x08000d70   0x08000d70   0x0000001a   Code   RO         1542    i.HAL_NVIC_EnableIRQ  stm32f1xx_hal_cortex.o
    0x08000d8a   0x08000d8a   0x00000002   PAD
    0x08000d8c   0x08000d8c   0x00000040   Code   RO         1548    i.HAL_NVIC_SetPriority  stm32f1xx_hal_cortex.o
    0x08000dcc   0x08000dcc   0x00000024   Code   RO         1549    i.HAL_NVIC_SetPriorityGrouping  stm32f1xx_hal_cortex.o
    0x08000df0   0x08000df0   0x000000a4   Code   RO         1343    i.HAL_RCCEx_GetPeriphCLKFreq  stm32f1xx_hal_rcc_ex.o
    0x08000e94   0x08000e94   0x000000ec   Code   RO         1344    i.HAL_RCCEx_PeriphCLKConfig  stm32f1xx_hal_rcc_ex.o
    0x08000f80   0x08000f80   0x0000012c   Code   RO         1240    i.HAL_RCC_ClockConfig  stm32f1xx_hal_rcc.o
    0x080010ac   0x080010ac   0x00000020   Code   RO         1247    i.HAL_RCC_GetPCLK1Freq  stm32f1xx_hal_rcc.o
    0x080010cc   0x080010cc   0x00000020   Code   RO         1248    i.HAL_RCC_GetPCLK2Freq  stm32f1xx_hal_rcc.o
    0x080010ec   0x080010ec   0x0000004c   Code   RO         1249    i.HAL_RCC_GetSysClockFreq  stm32f1xx_hal_rcc.o
    0x08001138   0x08001138   0x00000320   Code   RO         1252    i.HAL_RCC_OscConfig  stm32f1xx_hal_rcc.o
    0x08001458   0x08001458   0x00000028   Code   RO         1553    i.HAL_SYSTICK_Config  stm32f1xx_hal_cortex.o
    0x08001480   0x08001480   0x00000002   Code   RO         2090    i.HAL_UARTEx_RxEventCallback  stm32f1xx_hal_uart.o
    0x08001482   0x08001482   0x00000002   Code   RO         2104    i.HAL_UART_ErrorCallback  stm32f1xx_hal_uart.o
    0x08001484   0x08001484   0x0000026c   Code   RO         2107    i.HAL_UART_IRQHandler  stm32f1xx_hal_uart.o
    0x080016f0   0x080016f0   0x00000064   Code   RO         2108    i.HAL_UART_Init     stm32f1xx_hal_uart.o
    0x08001754   0x08001754   0x000000cc   Code   RO          594    i.HAL_UART_MspInit  usart.o
    0x08001820   0x08001820   0x0000001c   Code   RO         2113    i.HAL_UART_Receive_IT  stm32f1xx_hal_uart.o
    0x0800183c   0x0800183c   0x000000ac   Code   RO          338    i.HAL_UART_RxCpltCallback  control.o
    0x080018e8   0x080018e8   0x00000002   Code   RO         2119    i.HAL_UART_TxCpltCallback  stm32f1xx_hal_uart.o
    0x080018ea   0x080018ea   0x00000002   Code   RO          644    i.HardFault_Handler  stm32f1xx_it.o
    0x080018ec   0x080018ec   0x00000048   Code   RO           13    i.I2C_Start         oled.o
    0x08001934   0x08001934   0x00000034   Code   RO           14    i.I2C_Stop          oled.o
    0x08001968   0x08001968   0x0000003c   Code   RO           15    i.I2C_WaitAck       oled.o
    0x080019a4   0x080019a4   0x0000000a   Code   RO           16    i.IIC_delay         oled.o
    0x080019ae   0x080019ae   0x00000002   PAD
    0x080019b0   0x080019b0   0x00000110   Code   RO          413    i.MOTOR_CONTROL1    stepper.o
    0x08001ac0   0x08001ac0   0x00000100   Code   RO          414    i.MOTOR_CONTROL2    stepper.o
    0x08001bc0   0x08001bc0   0x0000004c   Code   RO          553    i.MX_ADC1_Init      adc.o
    0x08001c0c   0x08001c0c   0x00000114   Code   RO          527    i.MX_GPIO_Init      gpio.o
    0x08001d20   0x08001d20   0x00000038   Code   RO          595    i.MX_USART1_UART_Init  usart.o
    0x08001d58   0x08001d58   0x00000038   Code   RO          596    i.MX_USART2_UART_Init  usart.o
    0x08001d90   0x08001d90   0x00000002   Code   RO          645    i.MemManage_Handler  stm32f1xx_it.o
    0x08001d92   0x08001d92   0x00000002   Code   RO          646    i.NMI_Handler       stm32f1xx_it.o
    0x08001d94   0x08001d94   0x0000002c   Code   RO           17    i.OLED_Clear        oled.o
    0x08001dc0   0x08001dc0   0x00000018   Code   RO           18    i.OLED_ColorTurn    oled.o
    0x08001dd8   0x08001dd8   0x0000002c   Code   RO           21    i.OLED_DisplayTurn  oled.o
    0x08001e04   0x08001e04   0x0000002c   Code   RO           24    i.OLED_DrawPoint    oled.o
    0x08001e30   0x08001e30   0x000000da   Code   RO           25    i.OLED_Init         oled.o
    0x08001f0a   0x08001f0a   0x00000010   Code   RO           26    i.OLED_Pow          oled.o
    0x08001f1a   0x08001f1a   0x00000002   PAD
    0x08001f1c   0x08001f1c   0x00000068   Code   RO           27    i.OLED_Refresh      oled.o
    0x08001f84   0x08001f84   0x000000e4   Code   RO           29    i.OLED_ShowChar     oled.o
    0x08002068   0x08002068   0x000000d0   Code   RO           30    i.OLED_ShowChinese  oled.o
    0x08002138   0x08002138   0x0000006e   Code   RO           31    i.OLED_ShowNum      oled.o
    0x080021a6   0x080021a6   0x0000003c   Code   RO           33    i.OLED_ShowString   oled.o
    0x080021e2   0x080021e2   0x00000036   Code   RO           34    i.OLED_WR_Byte      oled.o
    0x08002218   0x08002218   0x00000002   Code   RO          647    i.PendSV_Handler    stm32f1xx_it.o
    0x0800221a   0x0800221a   0x00000018   Code   RO          339    i.RCCdelay_us       control.o
    0x08002232   0x08002232   0x00000002   Code   RO          648    i.SVC_Handler       stm32f1xx_it.o
    0x08002234   0x08002234   0x00000054   Code   RO           35    i.Send_Byte         oled.o
    0x08002288   0x08002288   0x00000038   Code   RO          415    i.Step_MOTOR_Start1  stepper.o
    0x080022c0   0x080022c0   0x00000038   Code   RO          416    i.Step_MOTOR_Start2  stepper.o
    0x080022f8   0x080022f8   0x0000003c   Code   RO          417    i.Step_MOTOR_Stop1  stepper.o
    0x08002334   0x08002334   0x00000034   Code   RO          418    i.Step_MOTOR_Stop2  stepper.o
    0x08002368   0x08002368   0x00000004   Code   RO          649    i.SysTick_Handler   stm32f1xx_it.o
    0x0800236c   0x0800236c   0x00000078   Code   RO          469    i.SystemClock_Config  main.o
    0x080023e4   0x080023e4   0x00000002   Code   RO         2442    i.SystemInit        system_stm32f1xx.o
    0x080023e6   0x080023e6   0x00000010   Code   RO         2121    i.UART_DMAAbortOnError  stm32f1xx_hal_uart.o
    0x080023f6   0x080023f6   0x0000004e   Code   RO         2131    i.UART_EndRxTransfer  stm32f1xx_hal_uart.o
    0x08002444   0x08002444   0x000000c2   Code   RO         2133    i.UART_Receive_IT   stm32f1xx_hal_uart.o
    0x08002506   0x08002506   0x00000002   PAD
    0x08002508   0x08002508   0x000000b8   Code   RO         2134    i.UART_SetConfig    stm32f1xx_hal_uart.o
    0x080025c0   0x080025c0   0x00000036   Code   RO         2136    i.UART_Start_Receive_IT  stm32f1xx_hal_uart.o
    0x080025f6   0x080025f6   0x00000002   PAD
    0x080025f8   0x080025f8   0x0000000c   Code   RO          650    i.USART2_IRQHandler  stm32f1xx_it.o
    0x08002604   0x08002604   0x00000002   Code   RO          651    i.UsageFault_Handler  stm32f1xx_it.o
    0x08002606   0x08002606   0x00000020   Code   RO         1555    i.__NVIC_SetPriority  stm32f1xx_hal_cortex.o
    0x08002626   0x08002626   0x00000002   PAD
    0x08002628   0x08002628   0x00000090   Code   RO          340    i.asr_control       control.o
    0x080026b8   0x080026b8   0x0000007c   Code   RO          341    i.getAverageADCValue  control.o
    0x08002734   0x08002734   0x00000080   Code   RO          470    i.main              main.o
    0x080027b4   0x080027b4   0x0000029c   Code   RO          268    i.menu1             menu.o
    0x08002a50   0x08002a50   0x00000148   Code   RO          269    i.menu2_air         menu.o
    0x08002b98   0x08002b98   0x000001f0   Code   RO          270    i.menu2_fun         menu.o
    0x08002d88   0x08002d88   0x000002e4   Code   RO          271    i.menu2_led         menu.o
    0x0800306c   0x0800306c   0x000002ac   Code   RO          272    i.menu2_win         menu.o
    0x08003318   0x08003318   0x00000062   Code   RO         2486    x$fpl$d2f           fz_ws.l(d2f.o)
    0x0800337a   0x0800337a   0x00000002   PAD
    0x0800337c   0x0800337c   0x00000150   Code   RO         2488    x$fpl$dadd          fz_ws.l(daddsub_clz.o)
    0x080034cc   0x080034cc   0x000002b0   Code   RO         2495    x$fpl$ddiv          fz_ws.l(ddiv.o)
    0x0800377c   0x0800377c   0x0000005a   Code   RO         2502    x$fpl$dfixu         fz_ws.l(dfixu.o)
    0x080037d6   0x080037d6   0x00000026   Code   RO         2506    x$fpl$dfltu         fz_ws.l(dflt_clz.o)
    0x080037fc   0x080037fc   0x00000154   Code   RO         2512    x$fpl$dmul          fz_ws.l(dmul.o)
    0x08003950   0x08003950   0x0000009c   Code   RO         2519    x$fpl$dnaninf       fz_ws.l(dnaninf.o)
    0x080039ec   0x080039ec   0x0000000c   Code   RO         2521    x$fpl$dretinf       fz_ws.l(dretinf.o)
    0x080039f8   0x080039f8   0x000001d4   Code   RO         2490    x$fpl$dsub          fz_ws.l(daddsub_clz.o)
    0x08003bcc   0x08003bcc   0x00000036   Code   RO         2514    x$fpl$ffix          fz_ws.l(ffix.o)
    0x08003c02   0x08003c02   0x0000008c   Code   RO         2523    x$fpl$fnaninf       fz_ws.l(fnaninf.o)
    0x08003c8e   0x08003c8e   0x0000000a   Code   RO         2525    x$fpl$fretinf       fz_ws.l(fretinf.o)
    0x08003c98   0x08003c98   0x00000000   Code   RO         2527    x$fpl$usenofp       fz_ws.l(usenofp.o)
    0x08003c98   0x08003c98   0x00002030   Data   RO           37    .constdata          oled.o
    0x08005cc8   0x08005cc8   0x00000012   Data   RO         1253    .constdata          stm32f1xx_hal_rcc.o
    0x08005cda   0x08005cda   0x00000012   Data   RO         1345    .constdata          stm32f1xx_hal_rcc_ex.o
    0x08005cec   0x08005cec   0x00000010   Data   RO         2443    .constdata          system_stm32f1xx.o
    0x08005cfc   0x08005cfc   0x00000008   Data   RO         2444    .constdata          system_stm32f1xx.o
    0x08005d04   0x08005d04   0x00000020   Data   RO         2682    Region$$Table       anon$$obj.o


    Execution Region RW_IRAM1 (Exec base: 0x20000000, Load base: 0x08005d24, Size: 0x00000bb8, Max: 0x00005000, ABSOLUTE)

    Exec Addr    Load Addr    Size         Type   Attr      Idx    E Section Name        Object

    0x20000000   0x08005d24   0x00000004   Data   RW          344    .data               control.o
    0x20000004   0x08005d28   0x00000002   Data   RW          419    .data               stepper.o
    0x20000006   0x08005d2a   0x00000001   Data   RW          475    .data               main.o
    0x20000007   0x08005d2b   0x00000001   PAD
    0x20000008   0x08005d2c   0x0000000c   Data   RW         1090    .data               stm32f1xx_hal.o
    0x20000014   0x08005d38   0x00000004   Data   RW         2445    .data               system_stm32f1xx.o
    0x20000018        -       0x00000480   Zero   RW           36    .bss                oled.o
    0x20000498        -       0x00000030   Zero   RW          554    .bss                adc.o
    0x200004c8        -       0x00000090   Zero   RW          597    .bss                usart.o
    0x20000558        -       0x00000060   Zero   RW         2554    .bss                c_w.l(libspace.o)
    0x200005b8        -       0x00000200   Zero   RW            2    HEAP                startup_stm32f103xb.o
    0x200007b8        -       0x00000400   Zero   RW            1    STACK               startup_stm32f103xb.o


==============================================================================

Image component sizes


      Code (inc. data)   RO Data    RW Data    ZI Data      Debug   Object Name

       180         20          0          0         48       1797   adc.o
       464         68          0          4          0       3414   control.o
       276         16          0          0          0       1083   gpio.o
       252         12          0          1          0       2921   main.o
      2916        112          0          0          0       4204   menu.o
      1432         58       8240          0       1152     428186   oled.o
        64         26        236          0       1536        848   startup_stm32f103xb.o
       752         44          0          2          0       3860   stepper.o
       164         28          0         12          0       6209   stm32f1xx_hal.o
      1488         54          0          0          0       9426   stm32f1xx_hal_adc.o
       218          6          0          0          0       2091   stm32f1xx_hal_adc_ex.o
       198         14          0          0          0      29163   stm32f1xx_hal_cortex.o
       222          4          0          0          0       1883   stm32f1xx_hal_dma.o
       500         34          0          0          0       3663   stm32f1xx_hal_gpio.o
        60          8          0          0          0        946   stm32f1xx_hal_msp.o
      1240         84         18          0          0       5340   stm32f1xx_hal_rcc.o
       400         28         18          0          0       2585   stm32f1xx_hal_rcc_ex.o
      1280         10          0          0          0       9292   stm32f1xx_hal_uart.o
        44         12          0          0          0       5158   stm32f1xx_it.o
         2          0         24          4          0       1227   system_stm32f1xx.o
       316         34          0          0        144       2567   usart.o

    ----------------------------------------------------------------------
     12488        672       8568         24       2880     525863   Object Totals
         0          0         32          0          0          0   (incl. Generated)
        20          0          0          1          0          0   (incl. Padding)

    ----------------------------------------------------------------------

      Code (inc. data)   RO Data    RW Data    ZI Data      Debug   Library Member Name

         8          0          0          0          0         68   __main.o
         0          0          0          0          0          0   __rtentry.o
        12          0          0          0          0          0   __rtentry2.o
         6          0          0          0          0          0   __rtentry4.o
        52          8          0          0          0          0   __scatter.o
        26          0          0          0          0          0   __scatter_copy.o
        28          0          0          0          0          0   __scatter_zi.o
        18          0          0          0          0         80   exit.o
         6          0          0          0          0        152   heapauxi.o
         0          0          0          0          0          0   indicate_semi.o
         2          0          0          0          0          0   libinit.o
         2          0          0          0          0          0   libinit2.o
         2          0          0          0          0          0   libshutdown.o
         2          0          0          0          0          0   libshutdown2.o
         8          4          0          0         96         68   libspace.o
        78          0          0          0          0         80   rt_memclr_w.o
         2          0          0          0          0          0   rtexit.o
        10          0          0          0          0          0   rtexit2.o
        12          4          0          0          0         68   sys_exit.o
        74          0          0          0          0         80   sys_stackheap_outer.o
         2          0          0          0          0         68   use_no_semi.o
        98          4          0          0          0         92   d2f.o
       804         16          0          0          0        272   daddsub_clz.o
       688        140          0          0          0        208   ddiv.o
        90          4          0          0          0         92   dfixu.o
        38          0          0          0          0         68   dflt_clz.o
       340         12          0          0          0        104   dmul.o
       156          4          0          0          0         92   dnaninf.o
        12          0          0          0          0         68   dretinf.o
        54          4          0          0          0         84   ffix.o
       140          4          0          0          0         84   fnaninf.o
        10          0          0          0          0         68   fretinf.o
         0          0          0          0          0          0   usenofp.o

    ----------------------------------------------------------------------
      2788        204          0          0         96       1896   Library Totals
         8          0          0          0          0          0   (incl. Padding)

    ----------------------------------------------------------------------

      Code (inc. data)   RO Data    RW Data    ZI Data      Debug   Library Name

       350         16          0          0         96        664   c_w.l
      2430        188          0          0          0       1232   fz_ws.l

    ----------------------------------------------------------------------
      2788        204          0          0         96       1896   Library Totals

    ----------------------------------------------------------------------

==============================================================================


      Code (inc. data)   RO Data    RW Data    ZI Data      Debug   

     15276        876       8568         24       2976     522035   Grand Totals
     15276        876       8568         24       2976     522035   ELF Image Totals
     15276        876       8568         24          0          0   ROM Totals

==============================================================================

    Total RO  Size (Code + RO Data)                23844 (  23.29kB)
    Total RW  Size (RW Data + ZI Data)              3000 (   2.93kB)
    Total ROM Size (Code + RO Data + RW Data)      23868 (  23.31kB)

==============================================================================

